
  .   ____          _            __ _ _
 /\\ / ___'_ __ _ _(_)_ __  __ _ \ \ \ \
( ( )\___ | '_ | '_| | '_ \/ _` | \ \ \ \
 \\/  ___)| |_)| | | | | || (_| |  ) ) ) )
  '  |____| .__|_| |_|_| |_\__, | / / / /
 =========|_|==============|___/=/_/_/_/

 :: Spring Boot ::                (v3.4.1)

2026-08-10T11:07:21.389-06:00  INFO 6324 --- [analytics-service] [           main] c.l.a.AnalyticsServiceApplication        : Starting AnalyticsServiceApplication v1.0.0-SNAPSHOT using Java 22.0.2 with PID 6324 (C:\DDI\luxray\backend\analytics-service\target\analytics-service-1.0.0-SNAPSHOT.jar started by sergi in C:\DDI\luxray)
2026-08-10T11:07:21.392-06:00  INFO 6324 --- [analytics-service] [           main] c.l.a.AnalyticsServiceApplication        : No active profile set, falling back to 1 default profile: "default"
2026-08-10T11:07:23.394-06:00  INFO 6324 --- [analytics-service] [           main] .s.d.r.c.RepositoryConfigurationDelegate : Bootstrapping Spring Data JPA repositories in DEFAULT mode.
2026-08-10T11:07:23.571-06:00  INFO 6324 --- [analytics-service] [           main] .s.d.r.c.RepositoryConfigurationDelegate : Finished Spring Data repository scanning in 163 ms. Found 1 JPA repository interface.
2026-08-10T11:07:24.096-06:00  INFO 6324 --- [analytics-service] [           main] o.s.cloud.context.scope.GenericScope     : BeanFactory id=9e08b9e2-d320-3b34-8bdb-6093712758ff
2026-08-10T11:07:25.364-06:00  INFO 6324 --- [analytics-service] [           main] o.s.b.w.embedded.tomcat.TomcatWebServer  : Tomcat initialized with port 8083 (http)
2026-08-10T11:07:25.395-06:00  INFO 6324 --- [analytics-service] [           main] o.apache.catalina.core.StandardService   : Starting service [Tomcat]
2026-08-10T11:07:25.395-06:00  INFO 6324 --- [analytics-service] [           main] o.apache.catalina.core.StandardEngine    : Starting Servlet engine: [Apache Tomcat/10.1.34]
2026-08-10T11:07:25.469-06:00  INFO 6324 --- [analytics-service] [           main] o.a.c.c.C.[Tomcat].[localhost].[/]       : Initializing Spring embedded WebApplicationContext
2026-08-10T11:07:25.471-06:00  INFO 6324 --- [analytics-service] [           main] w.s.c.ServletWebServerApplicationContext : Root WebApplicationContext: initialization completed in 3990 ms
2026-08-10T11:07:26.321-06:00  INFO 6324 --- [analytics-service] [           main] com.zaxxer.hikari.HikariDataSource       : HikariPool-1 - Starting...
2026-08-10T11:07:26.740-06:00  INFO 6324 --- [analytics-service] [           main] com.zaxxer.hikari.pool.HikariPool        : HikariPool-1 - Added connection org.postgresql.jdbc.PgConnection@3ac406d4
2026-08-10T11:07:26.742-06:00  INFO 6324 --- [analytics-service] [           main] com.zaxxer.hikari.HikariDataSource       : HikariPool-1 - Start completed.
2026-08-10T11:07:26.801-06:00  INFO 6324 --- [analytics-service] [           main] org.flywaydb.core.FlywayExecutor         : Database: jdbc:postgresql://localhost:5434/analytics_db (PostgreSQL 16.14)
2026-08-10T11:07:26.909-06:00  INFO 6324 --- [analytics-service] [           main] o.f.core.internal.command.DbValidate     : Successfully validated 1 migration (execution time 00:00.064s)
2026-08-10T11:07:26.943-06:00  INFO 6324 --- [analytics-service] [           main] o.f.core.internal.command.DbMigrate      : Current version of schema "public": 1
2026-08-10T11:07:26.950-06:00  INFO 6324 --- [analytics-service] [           main] o.f.core.internal.command.DbMigrate      : Schema "public" is up to date. No migration necessary.
2026-08-10T11:07:27.131-06:00  INFO 6324 --- [analytics-service] [           main] o.hibernate.jpa.internal.util.LogHelper  : HHH000204: Processing PersistenceUnitInfo [name: default]
2026-08-10T11:07:27.260-06:00  INFO 6324 --- [analytics-service] [           main] org.hibernate.Version                    : HHH000412: Hibernate ORM core version 6.6.4.Final
2026-08-10T11:07:27.312-06:00  INFO 6324 --- [analytics-service] [           main] o.h.c.internal.RegionFactoryInitiator    : HHH000026: Second-level cache disabled
2026-08-10T11:07:27.622-06:00  INFO 6324 --- [analytics-service] [           main] o.s.o.j.p.SpringPersistenceUnitInfo      : No LoadTimeWeaver setup: ignoring JPA class transformer
2026-08-10T11:07:27.682-06:00  WARN 6324 --- [analytics-service] [           main] org.hibernate.orm.deprecation            : HHH90000025: PostgreSQLDialect does not need to be specified explicitly using 'hibernate.dialect' (remove the property setting and it will be selected by default)
2026-08-10T11:07:27.701-06:00  INFO 6324 --- [analytics-service] [           main] org.hibernate.orm.connections.pooling    : HHH10001005: Database info:
	Database JDBC URL [Connecting through datasource 'HikariDataSource (HikariPool-1)']
	Database driver: undefined/unknown
	Database version: 16.14
	Autocommit mode: undefined/unknown
	Isolation level: undefined/unknown
	Minimum pool size: undefined/unknown
	Maximum pool size: undefined/unknown
2026-08-10T11:07:28.595-06:00  INFO 6324 --- [analytics-service] [           main] o.h.e.t.j.p.i.JtaPlatformInitiator       : HHH000489: No JTA platform available (set 'hibernate.transaction.jta.platform' to enable JTA platform integration)
2026-08-10T11:07:28.638-06:00  INFO 6324 --- [analytics-service] [           main] j.LocalContainerEntityManagerFactoryBean : Initialized JPA EntityManagerFactory for persistence unit 'default'
2026-08-10T11:07:29.674-06:00  WARN 6324 --- [analytics-service] [           main] .s.s.UserDetailsServiceAutoConfiguration : 

Using generated security password: fb585300-e3b7-45aa-ae1b-2bed88926ebd

This generated password is for development use only. Your security configuration must be updated before running your application in production.

2026-08-10T11:07:29.697-06:00  INFO 6324 --- [analytics-service] [           main] r$InitializeUserDetailsManagerConfigurer : Global AuthenticationManager configured with UserDetailsService bean with name inMemoryUserDetailsManager
2026-08-10T11:07:30.379-06:00  INFO 6324 --- [analytics-service] [           main] o.s.b.a.e.web.EndpointLinksResolver      : Exposing 2 endpoints beneath base path '/actuator'
2026-08-10T11:07:32.106-06:00  INFO 6324 --- [analytics-service] [           main] DiscoveryClientOptionalArgsConfiguration : Eureka HTTP Client uses RestTemplate.
2026-08-10T11:07:32.266-06:00  WARN 6324 --- [analytics-service] [           main] iguration$LoadBalancerCaffeineWarnLogger : Spring Cloud LoadBalancer is currently working with the default cache. While this cache implementation is useful for development and tests, it's recommended to use Caffeine cache in production.You can switch to using Caffeine cache, by adding it and org.springframework.cache.caffeine.CaffeineCacheManager to the classpath.
2026-08-10T11:07:32.426-06:00  INFO 6324 --- [analytics-service] [           main] o.s.c.n.eureka.InstanceInfoFactory       : Setting initial instance status as: STARTING
2026-08-10T11:07:32.479-06:00  INFO 6324 --- [analytics-service] [           main] com.netflix.discovery.DiscoveryClient    : Initializing Eureka in region us-east-1
2026-08-10T11:07:32.487-06:00  INFO 6324 --- [analytics-service] [           main] c.n.d.s.r.aws.ConfigClusterResolver      : Resolving eureka endpoints via configuration
2026-08-10T11:07:32.502-06:00  INFO 6324 --- [analytics-service] [           main] com.netflix.discovery.DiscoveryClient    : Disable delta property : false
2026-08-10T11:07:32.503-06:00  INFO 6324 --- [analytics-service] [           main] com.netflix.discovery.DiscoveryClient    : Single vip registry refresh property : null
2026-08-10T11:07:32.503-06:00  INFO 6324 --- [analytics-service] [           main] com.netflix.discovery.DiscoveryClient    : Force full registry fetch : false
2026-08-10T11:07:32.503-06:00  INFO 6324 --- [analytics-service] [           main] com.netflix.discovery.DiscoveryClient    : Application is null : false
2026-08-10T11:07:32.503-06:00  INFO 6324 --- [analytics-service] [           main] com.netflix.discovery.DiscoveryClient    : Registered Applications size is zero : true
2026-08-10T11:07:32.504-06:00  INFO 6324 --- [analytics-service] [           main] com.netflix.discovery.DiscoveryClient    : Application version is -1: true
2026-08-10T11:07:32.504-06:00  INFO 6324 --- [analytics-service] [           main] com.netflix.discovery.DiscoveryClient    : Getting all instance registry info from the eureka server
2026-08-10T11:07:33.044-06:00  INFO 6324 --- [analytics-service] [           main] com.netflix.discovery.DiscoveryClient    : The response status is 200
2026-08-10T11:07:33.046-06:00  INFO 6324 --- [analytics-service] [           main] com.netflix.discovery.DiscoveryClient    : Starting heartbeat executor: renew interval is: 30
2026-08-10T11:07:33.049-06:00  INFO 6324 --- [analytics-service] [           main] c.n.discovery.InstanceInfoReplicator     : InstanceInfoReplicator onDemand update allowed rate per min is 4
2026-08-10T11:07:33.053-06:00  INFO 6324 --- [analytics-service] [           main] com.netflix.discovery.DiscoveryClient    : Discovery Client initialized at timestamp 1786381653052 with initial instances count: 5
2026-08-10T11:07:33.059-06:00  INFO 6324 --- [analytics-service] [           main] o.s.c.n.e.s.EurekaServiceRegistry        : Registering application ANALYTICS-SERVICE with eureka with status UP
2026-08-10T11:07:33.060-06:00  INFO 6324 --- [analytics-service] [           main] com.netflix.discovery.DiscoveryClient    : Saw local status change event StatusChangeEvent [timestamp=1786381653060, current=UP, previous=STARTING]
2026-08-10T11:07:33.062-06:00  INFO 6324 --- [analytics-service] [foReplicator-%d] com.netflix.discovery.DiscoveryClient    : DiscoveryClient_ANALYTICS-SERVICE/PC-Sergio.mshome.net:analytics-service:8083: registering service...
2026-08-10T11:07:33.118-06:00  INFO 6324 --- [analytics-service] [foReplicator-%d] com.netflix.discovery.DiscoveryClient    : DiscoveryClient_ANALYTICS-SERVICE/PC-Sergio.mshome.net:analytics-service:8083 - registration status: 204
2026-08-10T11:07:33.304-06:00  INFO 6324 --- [analytics-service] [           main] o.s.b.w.embedded.tomcat.TomcatWebServer  : Tomcat started on port 8083 (http) with context path '/'
2026-08-10T11:07:33.305-06:00  INFO 6324 --- [analytics-service] [           main] .s.c.n.e.s.EurekaAutoServiceRegistration : Updating port to 8083
2026-08-10T11:07:33.331-06:00  INFO 6324 --- [analytics-service] [           main] c.l.a.AnalyticsServiceApplication        : Started AnalyticsServiceApplication in 12.725 seconds (process running for 13.519)
2026-08-10T11:10:20.266-06:00  INFO 6324 --- [analytics-service] [nio-8083-exec-4] o.a.c.c.C.[Tomcat].[localhost].[/]       : Initializing Spring DispatcherServlet 'dispatcherServlet'
2026-08-10T11:10:20.266-06:00  INFO 6324 --- [analytics-service] [nio-8083-exec-4] o.s.web.servlet.DispatcherServlet        : Initializing Servlet 'dispatcherServlet'
2026-08-10T11:10:20.267-06:00  INFO 6324 --- [analytics-service] [nio-8083-exec-4] o.s.web.servlet.DispatcherServlet        : Completed initialization in 1 ms
2026-08-10T11:12:32.515-06:00  INFO 6324 --- [analytics-service] [rap-executor-%d] c.n.d.s.r.aws.ConfigClusterResolver      : Resolving eureka endpoints via configuration
2026-08-10T11:17:32.518-06:00  INFO 6324 --- [analytics-service] [rap-executor-%d] c.n.d.s.r.aws.ConfigClusterResolver      : Resolving eureka endpoints via configuration
2026-08-10T11:22:32.535-06:00  INFO 6324 --- [analytics-service] [rap-executor-%d] c.n.d.s.r.aws.ConfigClusterResolver      : Resolving eureka endpoints via configuration
2026-08-10T11:27:32.544-06:00  INFO 6324 --- [analytics-service] [rap-executor-%d] c.n.d.s.r.aws.ConfigClusterResolver      : Resolving eureka endpoints via configuration
