
  .   ____          _            __ _ _
 /\\ / ___'_ __ _ _(_)_ __  __ _ \ \ \ \
( ( )\___ | '_ | '_| | '_ \/ _` | \ \ \ \
 \\/  ___)| |_)| | | | | || (_| |  ) ) ) )
  '  |____| .__|_| |_|_| |_\__, | / / / /
 =========|_|==============|___/=/_/_/_/

 :: Spring Boot ::                (v3.4.1)

2026-08-03T15:57:51.319-06:00  INFO 23968 --- [analytics-service] [           main] c.l.a.AnalyticsServiceApplication        : Starting AnalyticsServiceApplication v1.0.0-SNAPSHOT using Java 22.0.2 with PID 23968 (C:\DDI\luxray\backend\analytics-service\target\analytics-service-1.0.0-SNAPSHOT.jar started by sergi in C:\DDI\luxray)
2026-08-03T15:57:51.331-06:00  INFO 23968 --- [analytics-service] [           main] c.l.a.AnalyticsServiceApplication        : No active profile set, falling back to 1 default profile: "default"
2026-08-03T15:58:29.376-06:00  INFO 23968 --- [analytics-service] [           main] .s.d.r.c.RepositoryConfigurationDelegate : Bootstrapping Spring Data JPA repositories in DEFAULT mode.
2026-08-03T15:58:31.544-06:00  INFO 23968 --- [analytics-service] [           main] .s.d.r.c.RepositoryConfigurationDelegate : Finished Spring Data repository scanning in 1895 ms. Found 1 JPA repository interface.
2026-08-03T15:58:34.105-06:00  INFO 23968 --- [analytics-service] [           main] o.s.cloud.context.scope.GenericScope     : BeanFactory id=e0720128-994b-35d0-8974-cdb9c94e48c5
2026-08-03T15:58:40.343-06:00  INFO 23968 --- [analytics-service] [           main] o.s.b.w.embedded.tomcat.TomcatWebServer  : Tomcat initialized with port 8083 (http)
2026-08-03T15:58:40.451-06:00  INFO 23968 --- [analytics-service] [           main] o.apache.catalina.core.StandardService   : Starting service [Tomcat]
2026-08-03T15:58:40.452-06:00  INFO 23968 --- [analytics-service] [           main] o.apache.catalina.core.StandardEngine    : Starting Servlet engine: [Apache Tomcat/10.1.34]
2026-08-03T15:58:40.662-06:00  INFO 23968 --- [analytics-service] [           main] o.a.c.c.C.[Tomcat].[localhost].[/]       : Initializing Spring embedded WebApplicationContext
2026-08-03T15:58:40.667-06:00  INFO 23968 --- [analytics-service] [           main] w.s.c.ServletWebServerApplicationContext : Root WebApplicationContext: initialization completed in 48928 ms
2026-08-03T15:58:43.762-06:00  INFO 23968 --- [analytics-service] [           main] com.zaxxer.hikari.HikariDataSource       : HikariPool-1 - Starting...
2026-08-03T15:58:44.941-06:00  INFO 23968 --- [analytics-service] [           main] com.zaxxer.hikari.pool.HikariPool        : HikariPool-1 - Added connection org.postgresql.jdbc.PgConnection@3adde4ea
2026-08-03T15:58:44.949-06:00  INFO 23968 --- [analytics-service] [           main] com.zaxxer.hikari.HikariDataSource       : HikariPool-1 - Start completed.
2026-08-03T15:58:45.074-06:00  INFO 23968 --- [analytics-service] [           main] org.flywaydb.core.FlywayExecutor         : Database: jdbc:postgresql://localhost:5432/analytics_db (PostgreSQL 16.14)
2026-08-03T15:58:45.570-06:00  INFO 23968 --- [analytics-service] [           main] o.f.core.internal.command.DbValidate     : Successfully validated 1 migration (execution time 00:00.208s)
2026-08-03T15:58:45.774-06:00  INFO 23968 --- [analytics-service] [           main] o.f.core.internal.command.DbMigrate      : Current version of schema "public": 1
2026-08-03T15:58:45.798-06:00  INFO 23968 --- [analytics-service] [           main] o.f.core.internal.command.DbMigrate      : Schema "public" is up to date. No migration necessary.
2026-08-03T15:58:46.330-06:00  INFO 23968 --- [analytics-service] [           main] o.hibernate.jpa.internal.util.LogHelper  : HHH000204: Processing PersistenceUnitInfo [name: default]
2026-08-03T15:58:46.703-06:00  INFO 23968 --- [analytics-service] [           main] org.hibernate.Version                    : HHH000412: Hibernate ORM core version 6.6.4.Final
2026-08-03T15:58:46.882-06:00  INFO 23968 --- [analytics-service] [           main] o.h.c.internal.RegionFactoryInitiator    : HHH000026: Second-level cache disabled
2026-08-03T15:58:48.336-06:00  INFO 23968 --- [analytics-service] [           main] o.s.o.j.p.SpringPersistenceUnitInfo      : No LoadTimeWeaver setup: ignoring JPA class transformer
2026-08-03T15:58:48.584-06:00  WARN 23968 --- [analytics-service] [           main] org.hibernate.orm.deprecation            : HHH90000025: PostgreSQLDialect does not need to be specified explicitly using 'hibernate.dialect' (remove the property setting and it will be selected by default)
2026-08-03T15:58:48.642-06:00  INFO 23968 --- [analytics-service] [           main] org.hibernate.orm.connections.pooling    : HHH10001005: Database info:
	Database JDBC URL [Connecting through datasource 'HikariDataSource (HikariPool-1)']
	Database driver: undefined/unknown
	Database version: 16.14
	Autocommit mode: undefined/unknown
	Isolation level: undefined/unknown
	Minimum pool size: undefined/unknown
	Maximum pool size: undefined/unknown
2026-08-03T15:58:55.702-06:00  INFO 23968 --- [analytics-service] [           main] o.h.e.t.j.p.i.JtaPlatformInitiator       : HHH000489: No JTA platform available (set 'hibernate.transaction.jta.platform' to enable JTA platform integration)
2026-08-03T15:58:56.564-06:00  INFO 23968 --- [analytics-service] [           main] j.LocalContainerEntityManagerFactoryBean : Initialized JPA EntityManagerFactory for persistence unit 'default'
2026-08-03T15:58:57.459-06:00  WARN 23968 --- [analytics-service] [           main] .s.s.UserDetailsServiceAutoConfiguration : 

Using generated security password: 2bfe9444-4a04-4af1-a118-bad4d366ef7e

This generated password is for development use only. Your security configuration must be updated before running your application in production.

2026-08-03T15:58:57.555-06:00  INFO 23968 --- [analytics-service] [           main] r$InitializeUserDetailsManagerConfigurer : Global AuthenticationManager configured with UserDetailsService bean with name inMemoryUserDetailsManager
2026-08-03T15:58:59.746-06:00  INFO 23968 --- [analytics-service] [           main] o.s.b.a.e.web.EndpointLinksResolver      : Exposing 2 endpoints beneath base path '/actuator'
2026-08-03T15:59:04.887-06:00  INFO 23968 --- [analytics-service] [           main] DiscoveryClientOptionalArgsConfiguration : Eureka HTTP Client uses RestTemplate.
2026-08-03T15:59:05.304-06:00  WARN 23968 --- [analytics-service] [           main] iguration$LoadBalancerCaffeineWarnLogger : Spring Cloud LoadBalancer is currently working with the default cache. While this cache implementation is useful for development and tests, it's recommended to use Caffeine cache in production.You can switch to using Caffeine cache, by adding it and org.springframework.cache.caffeine.CaffeineCacheManager to the classpath.
2026-08-03T15:59:05.614-06:00  INFO 23968 --- [analytics-service] [           main] o.s.c.n.eureka.InstanceInfoFactory       : Setting initial instance status as: STARTING
2026-08-03T15:59:05.738-06:00  INFO 23968 --- [analytics-service] [           main] com.netflix.discovery.DiscoveryClient    : Initializing Eureka in region us-east-1
2026-08-03T15:59:05.762-06:00  INFO 23968 --- [analytics-service] [           main] c.n.d.s.r.aws.ConfigClusterResolver      : Resolving eureka endpoints via configuration
2026-08-03T15:59:05.816-06:00  INFO 23968 --- [analytics-service] [           main] com.netflix.discovery.DiscoveryClient    : Disable delta property : false
2026-08-03T15:59:05.823-06:00  INFO 23968 --- [analytics-service] [           main] com.netflix.discovery.DiscoveryClient    : Single vip registry refresh property : null
2026-08-03T15:59:05.825-06:00  INFO 23968 --- [analytics-service] [           main] com.netflix.discovery.DiscoveryClient    : Force full registry fetch : false
2026-08-03T15:59:05.826-06:00  INFO 23968 --- [analytics-service] [           main] com.netflix.discovery.DiscoveryClient    : Application is null : false
2026-08-03T15:59:05.828-06:00  INFO 23968 --- [analytics-service] [           main] com.netflix.discovery.DiscoveryClient    : Registered Applications size is zero : true
2026-08-03T15:59:05.829-06:00  INFO 23968 --- [analytics-service] [           main] com.netflix.discovery.DiscoveryClient    : Application version is -1: true
2026-08-03T15:59:05.831-06:00  INFO 23968 --- [analytics-service] [           main] com.netflix.discovery.DiscoveryClient    : Getting all instance registry info from the eureka server
2026-08-03T15:59:08.206-06:00  INFO 23968 --- [analytics-service] [           main] com.netflix.discovery.DiscoveryClient    : The response status is 200
2026-08-03T15:59:08.268-06:00  INFO 23968 --- [analytics-service] [           main] com.netflix.discovery.DiscoveryClient    : Starting heartbeat executor: renew interval is: 30
2026-08-03T15:59:08.280-06:00  INFO 23968 --- [analytics-service] [           main] c.n.discovery.InstanceInfoReplicator     : InstanceInfoReplicator onDemand update allowed rate per min is 4
2026-08-03T15:59:08.289-06:00  INFO 23968 --- [analytics-service] [           main] com.netflix.discovery.DiscoveryClient    : Discovery Client initialized at timestamp 1785794348285 with initial instances count: 0
2026-08-03T15:59:08.315-06:00  INFO 23968 --- [analytics-service] [           main] o.s.c.n.e.s.EurekaServiceRegistry        : Registering application ANALYTICS-SERVICE with eureka with status UP
2026-08-03T15:59:08.329-06:00  INFO 23968 --- [analytics-service] [           main] com.netflix.discovery.DiscoveryClient    : Saw local status change event StatusChangeEvent [timestamp=1785794348329, current=UP, previous=STARTING]
2026-08-03T15:59:08.335-06:00  INFO 23968 --- [analytics-service] [foReplicator-%d] com.netflix.discovery.DiscoveryClient    : DiscoveryClient_ANALYTICS-SERVICE/PC-Sergio.mshome.net:analytics-service:8083: registering service...
2026-08-03T15:59:08.425-06:00  INFO 23968 --- [analytics-service] [           main] o.s.b.w.embedded.tomcat.TomcatWebServer  : Tomcat started on port 8083 (http) with context path '/'
2026-08-03T15:59:08.428-06:00  INFO 23968 --- [analytics-service] [           main] .s.c.n.e.s.EurekaAutoServiceRegistration : Updating port to 8083
2026-08-03T15:59:08.486-06:00  INFO 23968 --- [analytics-service] [           main] c.l.a.AnalyticsServiceApplication        : Started AnalyticsServiceApplication in 82.268 seconds (process running for 86.177)
2026-08-03T15:59:08.867-06:00  INFO 23968 --- [analytics-service] [foReplicator-%d] com.netflix.discovery.DiscoveryClient    : DiscoveryClient_ANALYTICS-SERVICE/PC-Sergio.mshome.net:analytics-service:8083 - registration status: 204
2026-08-03T15:59:38.276-06:00  INFO 23968 --- [analytics-service] [reshExecutor-%d] com.netflix.discovery.DiscoveryClient    : Disable delta property : false
2026-08-03T15:59:38.278-06:00  INFO 23968 --- [analytics-service] [reshExecutor-%d] com.netflix.discovery.DiscoveryClient    : Single vip registry refresh property : null
2026-08-03T15:59:38.279-06:00  INFO 23968 --- [analytics-service] [reshExecutor-%d] com.netflix.discovery.DiscoveryClient    : Force full registry fetch : false
2026-08-03T15:59:38.280-06:00  INFO 23968 --- [analytics-service] [reshExecutor-%d] com.netflix.discovery.DiscoveryClient    : Application is null : false
2026-08-03T15:59:38.281-06:00  INFO 23968 --- [analytics-service] [reshExecutor-%d] com.netflix.discovery.DiscoveryClient    : Registered Applications size is zero : true
2026-08-03T15:59:38.281-06:00  INFO 23968 --- [analytics-service] [reshExecutor-%d] com.netflix.discovery.DiscoveryClient    : Application version is -1: false
2026-08-03T15:59:38.282-06:00  INFO 23968 --- [analytics-service] [reshExecutor-%d] com.netflix.discovery.DiscoveryClient    : Getting all instance registry info from the eureka server
2026-08-03T15:59:38.316-06:00  INFO 23968 --- [analytics-service] [reshExecutor-%d] com.netflix.discovery.DiscoveryClient    : The response status is 200
2026-08-03T16:02:09.121-06:00  INFO 23968 --- [analytics-service] [beatExecutor-%d] com.netflix.discovery.DiscoveryClient    : DiscoveryClient_ANALYTICS-SERVICE/PC-Sergio.mshome.net:analytics-service:8083 - Re-registering apps/ANALYTICS-SERVICE
2026-08-03T16:02:09.123-06:00  INFO 23968 --- [analytics-service] [beatExecutor-%d] com.netflix.discovery.DiscoveryClient    : DiscoveryClient_ANALYTICS-SERVICE/PC-Sergio.mshome.net:analytics-service:8083: registering service...
2026-08-03T16:02:09.131-06:00  INFO 23968 --- [analytics-service] [beatExecutor-%d] com.netflix.discovery.DiscoveryClient    : DiscoveryClient_ANALYTICS-SERVICE/PC-Sergio.mshome.net:analytics-service:8083 - registration status: 204
2026-08-03T16:02:38.548-06:00  INFO 23968 --- [analytics-service] [reshExecutor-%d] com.netflix.discovery.DiscoveryClient    : Disable delta property : false
2026-08-03T16:02:38.549-06:00  INFO 23968 --- [analytics-service] [reshExecutor-%d] com.netflix.discovery.DiscoveryClient    : Single vip registry refresh property : null
2026-08-03T16:02:38.549-06:00  INFO 23968 --- [analytics-service] [reshExecutor-%d] com.netflix.discovery.DiscoveryClient    : Force full registry fetch : false
2026-08-03T16:02:38.550-06:00  INFO 23968 --- [analytics-service] [reshExecutor-%d] com.netflix.discovery.DiscoveryClient    : Application is null : false
2026-08-03T16:02:38.550-06:00  INFO 23968 --- [analytics-service] [reshExecutor-%d] com.netflix.discovery.DiscoveryClient    : Registered Applications size is zero : true
2026-08-03T16:02:38.551-06:00  INFO 23968 --- [analytics-service] [reshExecutor-%d] com.netflix.discovery.DiscoveryClient    : Application version is -1: false
2026-08-03T16:02:38.551-06:00  INFO 23968 --- [analytics-service] [reshExecutor-%d] com.netflix.discovery.DiscoveryClient    : Getting all instance registry info from the eureka server
2026-08-03T16:02:38.569-06:00  INFO 23968 --- [analytics-service] [reshExecutor-%d] com.netflix.discovery.DiscoveryClient    : The response status is 200
2026-08-03T16:04:05.850-06:00  INFO 23968 --- [analytics-service] [rap-executor-%d] c.n.d.s.r.aws.ConfigClusterResolver      : Resolving eureka endpoints via configuration
2026-08-03T16:09:05.861-06:00  INFO 23968 --- [analytics-service] [rap-executor-%d] c.n.d.s.r.aws.ConfigClusterResolver      : Resolving eureka endpoints via configuration
2026-08-03T16:14:05.871-06:00  INFO 23968 --- [analytics-service] [rap-executor-%d] c.n.d.s.r.aws.ConfigClusterResolver      : Resolving eureka endpoints via configuration
