
  .   ____          _            __ _ _
 /\\ / ___'_ __ _ _(_)_ __  __ _ \ \ \ \
( ( )\___ | '_ | '_| | '_ \/ _` | \ \ \ \
 \\/  ___)| |_)| | | | | || (_| |  ) ) ) )
  '  |____| .__|_| |_|_| |_\__, | / / / /
 =========|_|==============|___/=/_/_/_/

 :: Spring Boot ::                (v3.4.1)

2026-08-10T10:55:21.504-06:00  INFO 19084 --- [analytics-service] [           main] c.l.a.AnalyticsServiceApplication        : Starting AnalyticsServiceApplication v1.0.0-SNAPSHOT using Java 22.0.2 with PID 19084 (C:\DDI\luxray\backend\analytics-service\target\analytics-service-1.0.0-SNAPSHOT.jar started by sergi in C:\DDI\luxray)
2026-08-10T10:55:21.511-06:00  INFO 19084 --- [analytics-service] [           main] c.l.a.AnalyticsServiceApplication        : No active profile set, falling back to 1 default profile: "default"
2026-08-10T10:55:23.488-06:00  INFO 19084 --- [analytics-service] [           main] .s.d.r.c.RepositoryConfigurationDelegate : Bootstrapping Spring Data JPA repositories in DEFAULT mode.
2026-08-10T10:55:23.675-06:00  INFO 19084 --- [analytics-service] [           main] .s.d.r.c.RepositoryConfigurationDelegate : Finished Spring Data repository scanning in 172 ms. Found 1 JPA repository interface.
2026-08-10T10:55:24.201-06:00  INFO 19084 --- [analytics-service] [           main] o.s.cloud.context.scope.GenericScope     : BeanFactory id=9e08b9e2-d320-3b34-8bdb-6093712758ff
2026-08-10T10:55:25.360-06:00  INFO 19084 --- [analytics-service] [           main] o.s.b.w.embedded.tomcat.TomcatWebServer  : Tomcat initialized with port 8083 (http)
2026-08-10T10:55:25.390-06:00  INFO 19084 --- [analytics-service] [           main] o.apache.catalina.core.StandardService   : Starting service [Tomcat]
2026-08-10T10:55:25.390-06:00  INFO 19084 --- [analytics-service] [           main] o.apache.catalina.core.StandardEngine    : Starting Servlet engine: [Apache Tomcat/10.1.34]
2026-08-10T10:55:25.464-06:00  INFO 19084 --- [analytics-service] [           main] o.a.c.c.C.[Tomcat].[localhost].[/]       : Initializing Spring embedded WebApplicationContext
2026-08-10T10:55:25.468-06:00  INFO 19084 --- [analytics-service] [           main] w.s.c.ServletWebServerApplicationContext : Root WebApplicationContext: initialization completed in 3882 ms
2026-08-10T10:55:26.420-06:00  INFO 19084 --- [analytics-service] [           main] com.zaxxer.hikari.HikariDataSource       : HikariPool-1 - Starting...
2026-08-10T10:55:26.819-06:00  INFO 19084 --- [analytics-service] [           main] com.zaxxer.hikari.pool.HikariPool        : HikariPool-1 - Added connection org.postgresql.jdbc.PgConnection@3a4cb483
2026-08-10T10:55:26.823-06:00  INFO 19084 --- [analytics-service] [           main] com.zaxxer.hikari.HikariDataSource       : HikariPool-1 - Start completed.
2026-08-10T10:55:26.874-06:00  INFO 19084 --- [analytics-service] [           main] org.flywaydb.core.FlywayExecutor         : Database: jdbc:postgresql://localhost:5434/analytics_db (PostgreSQL 16.14)
2026-08-10T10:55:26.978-06:00  INFO 19084 --- [analytics-service] [           main] o.f.core.internal.command.DbValidate     : Successfully validated 1 migration (execution time 00:00.058s)
2026-08-10T10:55:27.024-06:00  INFO 19084 --- [analytics-service] [           main] o.f.core.internal.command.DbMigrate      : Current version of schema "public": 1
2026-08-10T10:55:27.030-06:00  INFO 19084 --- [analytics-service] [           main] o.f.core.internal.command.DbMigrate      : Schema "public" is up to date. No migration necessary.
2026-08-10T10:55:27.202-06:00  INFO 19084 --- [analytics-service] [           main] o.hibernate.jpa.internal.util.LogHelper  : HHH000204: Processing PersistenceUnitInfo [name: default]
2026-08-10T10:55:27.337-06:00  INFO 19084 --- [analytics-service] [           main] org.hibernate.Version                    : HHH000412: Hibernate ORM core version 6.6.4.Final
2026-08-10T10:55:27.391-06:00  INFO 19084 --- [analytics-service] [           main] o.h.c.internal.RegionFactoryInitiator    : HHH000026: Second-level cache disabled
2026-08-10T10:55:27.709-06:00  INFO 19084 --- [analytics-service] [           main] o.s.o.j.p.SpringPersistenceUnitInfo      : No LoadTimeWeaver setup: ignoring JPA class transformer
2026-08-10T10:55:27.769-06:00  WARN 19084 --- [analytics-service] [           main] org.hibernate.orm.deprecation            : HHH90000025: PostgreSQLDialect does not need to be specified explicitly using 'hibernate.dialect' (remove the property setting and it will be selected by default)
2026-08-10T10:55:27.785-06:00  INFO 19084 --- [analytics-service] [           main] org.hibernate.orm.connections.pooling    : HHH10001005: Database info:
	Database JDBC URL [Connecting through datasource 'HikariDataSource (HikariPool-1)']
	Database driver: undefined/unknown
	Database version: 16.14
	Autocommit mode: undefined/unknown
	Isolation level: undefined/unknown
	Minimum pool size: undefined/unknown
	Maximum pool size: undefined/unknown
2026-08-10T10:55:28.649-06:00  INFO 19084 --- [analytics-service] [           main] o.h.e.t.j.p.i.JtaPlatformInitiator       : HHH000489: No JTA platform available (set 'hibernate.transaction.jta.platform' to enable JTA platform integration)
2026-08-10T10:55:28.689-06:00  INFO 19084 --- [analytics-service] [           main] j.LocalContainerEntityManagerFactoryBean : Initialized JPA EntityManagerFactory for persistence unit 'default'
2026-08-10T10:55:29.489-06:00  WARN 19084 --- [analytics-service] [           main] .s.s.UserDetailsServiceAutoConfiguration : 

Using generated security password: e3a5aef9-7e6f-442e-875f-7483f89d9d2f

This generated password is for development use only. Your security configuration must be updated before running your application in production.

2026-08-10T10:55:29.510-06:00  INFO 19084 --- [analytics-service] [           main] r$InitializeUserDetailsManagerConfigurer : Global AuthenticationManager configured with UserDetailsService bean with name inMemoryUserDetailsManager
2026-08-10T10:55:30.454-06:00  INFO 19084 --- [analytics-service] [           main] o.s.b.a.e.web.EndpointLinksResolver      : Exposing 2 endpoints beneath base path '/actuator'
2026-08-10T10:55:32.263-06:00  INFO 19084 --- [analytics-service] [           main] DiscoveryClientOptionalArgsConfiguration : Eureka HTTP Client uses RestTemplate.
2026-08-10T10:55:32.402-06:00  WARN 19084 --- [analytics-service] [           main] iguration$LoadBalancerCaffeineWarnLogger : Spring Cloud LoadBalancer is currently working with the default cache. While this cache implementation is useful for development and tests, it's recommended to use Caffeine cache in production.You can switch to using Caffeine cache, by adding it and org.springframework.cache.caffeine.CaffeineCacheManager to the classpath.
2026-08-10T10:55:32.581-06:00  INFO 19084 --- [analytics-service] [           main] o.s.c.n.eureka.InstanceInfoFactory       : Setting initial instance status as: STARTING
2026-08-10T10:55:32.652-06:00  INFO 19084 --- [analytics-service] [           main] com.netflix.discovery.DiscoveryClient    : Initializing Eureka in region us-east-1
2026-08-10T10:55:32.661-06:00  INFO 19084 --- [analytics-service] [           main] c.n.d.s.r.aws.ConfigClusterResolver      : Resolving eureka endpoints via configuration
2026-08-10T10:55:32.687-06:00  INFO 19084 --- [analytics-service] [           main] com.netflix.discovery.DiscoveryClient    : Disable delta property : false
2026-08-10T10:55:32.687-06:00  INFO 19084 --- [analytics-service] [           main] com.netflix.discovery.DiscoveryClient    : Single vip registry refresh property : null
2026-08-10T10:55:32.687-06:00  INFO 19084 --- [analytics-service] [           main] com.netflix.discovery.DiscoveryClient    : Force full registry fetch : false
2026-08-10T10:55:32.687-06:00  INFO 19084 --- [analytics-service] [           main] com.netflix.discovery.DiscoveryClient    : Application is null : false
2026-08-10T10:55:32.687-06:00  INFO 19084 --- [analytics-service] [           main] com.netflix.discovery.DiscoveryClient    : Registered Applications size is zero : true
2026-08-10T10:55:32.687-06:00  INFO 19084 --- [analytics-service] [           main] com.netflix.discovery.DiscoveryClient    : Application version is -1: true
2026-08-10T10:55:32.687-06:00  INFO 19084 --- [analytics-service] [           main] com.netflix.discovery.DiscoveryClient    : Getting all instance registry info from the eureka server
2026-08-10T10:55:33.226-06:00  INFO 19084 --- [analytics-service] [           main] com.netflix.discovery.DiscoveryClient    : The response status is 200
2026-08-10T10:55:33.228-06:00  INFO 19084 --- [analytics-service] [           main] com.netflix.discovery.DiscoveryClient    : Starting heartbeat executor: renew interval is: 30
2026-08-10T10:55:33.231-06:00  INFO 19084 --- [analytics-service] [           main] c.n.discovery.InstanceInfoReplicator     : InstanceInfoReplicator onDemand update allowed rate per min is 4
2026-08-10T10:55:33.234-06:00  INFO 19084 --- [analytics-service] [           main] com.netflix.discovery.DiscoveryClient    : Discovery Client initialized at timestamp 1786380933233 with initial instances count: 5
2026-08-10T10:55:33.243-06:00  INFO 19084 --- [analytics-service] [           main] o.s.c.n.e.s.EurekaServiceRegistry        : Registering application ANALYTICS-SERVICE with eureka with status UP
2026-08-10T10:55:33.243-06:00  INFO 19084 --- [analytics-service] [           main] com.netflix.discovery.DiscoveryClient    : Saw local status change event StatusChangeEvent [timestamp=1786380933243, current=UP, previous=STARTING]
2026-08-10T10:55:33.245-06:00  INFO 19084 --- [analytics-service] [foReplicator-%d] com.netflix.discovery.DiscoveryClient    : DiscoveryClient_ANALYTICS-SERVICE/PC-Sergio.mshome.net:analytics-service:8083: registering service...
2026-08-10T10:55:33.306-06:00  INFO 19084 --- [analytics-service] [foReplicator-%d] com.netflix.discovery.DiscoveryClient    : DiscoveryClient_ANALYTICS-SERVICE/PC-Sergio.mshome.net:analytics-service:8083 - registration status: 204
2026-08-10T10:55:35.535-06:00  INFO 19084 --- [analytics-service] [           main] o.s.c.n.e.s.EurekaServiceRegistry        : Unregistering application ANALYTICS-SERVICE with eureka with status DOWN
2026-08-10T10:55:35.535-06:00  INFO 19084 --- [analytics-service] [           main] com.netflix.discovery.DiscoveryClient    : Saw local status change event StatusChangeEvent [timestamp=1786380935535, current=DOWN, previous=UP]
2026-08-10T10:55:35.536-06:00  INFO 19084 --- [analytics-service] [foReplicator-%d] com.netflix.discovery.DiscoveryClient    : DiscoveryClient_ANALYTICS-SERVICE/PC-Sergio.mshome.net:analytics-service:8083: registering service...
2026-08-10T10:55:35.536-06:00  WARN 19084 --- [analytics-service] [           main] ConfigServletWebServerApplicationContext : Exception encountered during context initialization - cancelling refresh attempt: org.springframework.context.ApplicationContextException: Failed to start bean 'webServerStartStop'
2026-08-10T10:55:35.544-06:00  INFO 19084 --- [analytics-service] [           main] j.LocalContainerEntityManagerFactoryBean : Closing JPA EntityManagerFactory for persistence unit 'default'
2026-08-10T10:55:35.548-06:00  INFO 19084 --- [analytics-service] [           main] com.zaxxer.hikari.HikariDataSource       : HikariPool-1 - Shutdown initiated...
2026-08-10T10:55:35.550-06:00  INFO 19084 --- [analytics-service] [foReplicator-%d] com.netflix.discovery.DiscoveryClient    : DiscoveryClient_ANALYTICS-SERVICE/PC-Sergio.mshome.net:analytics-service:8083 - registration status: 204
2026-08-10T10:55:35.562-06:00  INFO 19084 --- [analytics-service] [           main] com.zaxxer.hikari.HikariDataSource       : HikariPool-1 - Shutdown completed.
2026-08-10T10:55:35.563-06:00  INFO 19084 --- [analytics-service] [           main] com.netflix.discovery.DiscoveryClient    : Shutting down DiscoveryClient ...
2026-08-10T10:55:38.574-06:00  INFO 19084 --- [analytics-service] [           main] com.netflix.discovery.DiscoveryClient    : Unregistering ...
2026-08-10T10:55:38.605-06:00  INFO 19084 --- [analytics-service] [           main] com.netflix.discovery.DiscoveryClient    : DiscoveryClient_ANALYTICS-SERVICE/PC-Sergio.mshome.net:analytics-service:8083 - deregister  status: 200
2026-08-10T10:55:38.605-06:00  INFO 19084 --- [analytics-service] [           main] com.netflix.discovery.DiscoveryClient    : Completed shut down of DiscoveryClient
2026-08-10T10:55:38.621-06:00  INFO 19084 --- [analytics-service] [           main] .s.b.a.l.ConditionEvaluationReportLogger : 

Error starting ApplicationContext. To display the condition evaluation report re-run your application with 'debug' enabled.
2026-08-10T10:55:38.641-06:00 ERROR 19084 --- [analytics-service] [           main] o.s.b.d.LoggingFailureAnalysisReporter   : 

***************************
APPLICATION FAILED TO START
***************************

Description:

Web server failed to start. Port 8083 was already in use.

Action:

Identify and stop the process that's listening on port 8083 or configure this application to listen on another port.

