
  .   ____          _            __ _ _
 /\\ / ___'_ __ _ _(_)_ __  __ _ \ \ \ \
( ( )\___ | '_ | '_| | '_ \/ _` | \ \ \ \
 \\/  ___)| |_)| | | | | || (_| |  ) ) ) )
  '  |____| .__|_| |_|_| |_\__, | / / / /
 =========|_|==============|___/=/_/_/_/

 :: Spring Boot ::                (v3.4.1)

2026-08-10T10:33:52.856-06:00  INFO 10772 --- [auth-service] [           main] com.luxray.auth.AuthServiceApplication   : Starting AuthServiceApplication v1.0.0-SNAPSHOT using Java 22.0.2 with PID 10772 (C:\DDI\luxray\backend\auth-service\target\auth-service-1.0.0-SNAPSHOT.jar started by sergi in C:\DDI\luxray)
2026-08-10T10:33:52.861-06:00  INFO 10772 --- [auth-service] [           main] com.luxray.auth.AuthServiceApplication   : No active profile set, falling back to 1 default profile: "default"
2026-08-10T10:33:54.895-06:00  INFO 10772 --- [auth-service] [           main] .s.d.r.c.RepositoryConfigurationDelegate : Bootstrapping Spring Data JPA repositories in DEFAULT mode.
2026-08-10T10:33:55.081-06:00  INFO 10772 --- [auth-service] [           main] .s.d.r.c.RepositoryConfigurationDelegate : Finished Spring Data repository scanning in 165 ms. Found 1 JPA repository interface.
2026-08-10T10:33:55.670-06:00  INFO 10772 --- [auth-service] [           main] o.s.cloud.context.scope.GenericScope     : BeanFactory id=29244684-4b82-360d-b339-5c3f949ffc89
2026-08-10T10:33:56.835-06:00  INFO 10772 --- [auth-service] [           main] o.s.b.w.embedded.tomcat.TomcatWebServer  : Tomcat initialized with port 8081 (http)
2026-08-10T10:33:56.867-06:00  INFO 10772 --- [auth-service] [           main] o.apache.catalina.core.StandardService   : Starting service [Tomcat]
2026-08-10T10:33:56.867-06:00  INFO 10772 --- [auth-service] [           main] o.apache.catalina.core.StandardEngine    : Starting Servlet engine: [Apache Tomcat/10.1.34]
2026-08-10T10:33:56.946-06:00  INFO 10772 --- [auth-service] [           main] o.a.c.c.C.[Tomcat].[localhost].[/]       : Initializing Spring embedded WebApplicationContext
2026-08-10T10:33:56.948-06:00  INFO 10772 --- [auth-service] [           main] w.s.c.ServletWebServerApplicationContext : Root WebApplicationContext: initialization completed in 4017 ms
2026-08-10T10:33:57.798-06:00  INFO 10772 --- [auth-service] [           main] com.zaxxer.hikari.HikariDataSource       : HikariPool-1 - Starting...
2026-08-10T10:33:58.192-06:00  INFO 10772 --- [auth-service] [           main] com.zaxxer.hikari.pool.HikariPool        : HikariPool-1 - Added connection org.postgresql.jdbc.PgConnection@1ad1f167
2026-08-10T10:33:58.196-06:00  INFO 10772 --- [auth-service] [           main] com.zaxxer.hikari.HikariDataSource       : HikariPool-1 - Start completed.
2026-08-10T10:33:58.264-06:00  INFO 10772 --- [auth-service] [           main] org.flywaydb.core.FlywayExecutor         : Database: jdbc:postgresql://localhost:5433/auth_db (PostgreSQL 16.14)
2026-08-10T10:33:58.409-06:00  INFO 10772 --- [auth-service] [           main] o.f.core.internal.command.DbValidate     : Successfully validated 4 migrations (execution time 00:00.058s)
2026-08-10T10:33:58.453-06:00  INFO 10772 --- [auth-service] [           main] o.f.core.internal.command.DbMigrate      : Current version of schema "public": 4
2026-08-10T10:33:58.462-06:00  INFO 10772 --- [auth-service] [           main] o.f.core.internal.command.DbMigrate      : Schema "public" is up to date. No migration necessary.
2026-08-10T10:33:58.659-06:00  INFO 10772 --- [auth-service] [           main] o.hibernate.jpa.internal.util.LogHelper  : HHH000204: Processing PersistenceUnitInfo [name: default]
2026-08-10T10:33:58.782-06:00  INFO 10772 --- [auth-service] [           main] org.hibernate.Version                    : HHH000412: Hibernate ORM core version 6.6.4.Final
2026-08-10T10:33:58.840-06:00  INFO 10772 --- [auth-service] [           main] o.h.c.internal.RegionFactoryInitiator    : HHH000026: Second-level cache disabled
2026-08-10T10:33:59.368-06:00  INFO 10772 --- [auth-service] [           main] o.s.o.j.p.SpringPersistenceUnitInfo      : No LoadTimeWeaver setup: ignoring JPA class transformer
2026-08-10T10:33:59.445-06:00  WARN 10772 --- [auth-service] [           main] org.hibernate.orm.deprecation            : HHH90000025: PostgreSQLDialect does not need to be specified explicitly using 'hibernate.dialect' (remove the property setting and it will be selected by default)
2026-08-10T10:33:59.464-06:00  INFO 10772 --- [auth-service] [           main] org.hibernate.orm.connections.pooling    : HHH10001005: Database info:
	Database JDBC URL [Connecting through datasource 'HikariDataSource (HikariPool-1)']
	Database driver: undefined/unknown
	Database version: 16.14
	Autocommit mode: undefined/unknown
	Isolation level: undefined/unknown
	Minimum pool size: undefined/unknown
	Maximum pool size: undefined/unknown
2026-08-10T10:34:00.336-06:00  INFO 10772 --- [auth-service] [           main] o.h.e.t.j.p.i.JtaPlatformInitiator       : HHH000489: No JTA platform available (set 'hibernate.transaction.jta.platform' to enable JTA platform integration)
2026-08-10T10:34:00.386-06:00  INFO 10772 --- [auth-service] [           main] j.LocalContainerEntityManagerFactoryBean : Initialized JPA EntityManagerFactory for persistence unit 'default'
2026-08-10T10:34:01.380-06:00  WARN 10772 --- [auth-service] [           main] .s.s.UserDetailsServiceAutoConfiguration : 

Using generated security password: f0d52974-dd3a-4874-99d4-331e45c77bf6

This generated password is for development use only. Your security configuration must be updated before running your application in production.

2026-08-10T10:34:01.386-06:00  INFO 10772 --- [auth-service] [           main] r$InitializeUserDetailsManagerConfigurer : Global AuthenticationManager configured with UserDetailsService bean with name inMemoryUserDetailsManager
2026-08-10T10:34:02.313-06:00  INFO 10772 --- [auth-service] [           main] o.s.b.a.e.web.EndpointLinksResolver      : Exposing 2 endpoints beneath base path '/actuator'
2026-08-10T10:34:03.470-06:00  INFO 10772 --- [auth-service] [           main] DiscoveryClientOptionalArgsConfiguration : Eureka HTTP Client uses RestTemplate.
2026-08-10T10:34:03.612-06:00  WARN 10772 --- [auth-service] [           main] iguration$LoadBalancerCaffeineWarnLogger : Spring Cloud LoadBalancer is currently working with the default cache. While this cache implementation is useful for development and tests, it's recommended to use Caffeine cache in production.You can switch to using Caffeine cache, by adding it and org.springframework.cache.caffeine.CaffeineCacheManager to the classpath.
2026-08-10T10:34:03.754-06:00  INFO 10772 --- [auth-service] [           main] o.s.c.n.eureka.InstanceInfoFactory       : Setting initial instance status as: STARTING
2026-08-10T10:34:03.799-06:00  INFO 10772 --- [auth-service] [           main] com.netflix.discovery.DiscoveryClient    : Initializing Eureka in region us-east-1
2026-08-10T10:34:03.805-06:00  INFO 10772 --- [auth-service] [           main] c.n.d.s.r.aws.ConfigClusterResolver      : Resolving eureka endpoints via configuration
2026-08-10T10:34:03.819-06:00  INFO 10772 --- [auth-service] [           main] com.netflix.discovery.DiscoveryClient    : Disable delta property : false
2026-08-10T10:34:03.819-06:00  INFO 10772 --- [auth-service] [           main] com.netflix.discovery.DiscoveryClient    : Single vip registry refresh property : null
2026-08-10T10:34:03.819-06:00  INFO 10772 --- [auth-service] [           main] com.netflix.discovery.DiscoveryClient    : Force full registry fetch : false
2026-08-10T10:34:03.819-06:00  INFO 10772 --- [auth-service] [           main] com.netflix.discovery.DiscoveryClient    : Application is null : false
2026-08-10T10:34:03.820-06:00  INFO 10772 --- [auth-service] [           main] com.netflix.discovery.DiscoveryClient    : Registered Applications size is zero : true
2026-08-10T10:34:03.820-06:00  INFO 10772 --- [auth-service] [           main] com.netflix.discovery.DiscoveryClient    : Application version is -1: true
2026-08-10T10:34:03.820-06:00  INFO 10772 --- [auth-service] [           main] com.netflix.discovery.DiscoveryClient    : Getting all instance registry info from the eureka server
2026-08-10T10:34:04.370-06:00  INFO 10772 --- [auth-service] [           main] com.netflix.discovery.DiscoveryClient    : The response status is 200
2026-08-10T10:34:04.373-06:00  INFO 10772 --- [auth-service] [           main] com.netflix.discovery.DiscoveryClient    : Starting heartbeat executor: renew interval is: 30
2026-08-10T10:34:04.376-06:00  INFO 10772 --- [auth-service] [           main] c.n.discovery.InstanceInfoReplicator     : InstanceInfoReplicator onDemand update allowed rate per min is 4
2026-08-10T10:34:04.379-06:00  INFO 10772 --- [auth-service] [           main] com.netflix.discovery.DiscoveryClient    : Discovery Client initialized at timestamp 1786379644378 with initial instances count: 2
2026-08-10T10:34:04.384-06:00  INFO 10772 --- [auth-service] [           main] o.s.c.n.e.s.EurekaServiceRegistry        : Registering application AUTH-SERVICE with eureka with status UP
2026-08-10T10:34:04.386-06:00  INFO 10772 --- [auth-service] [           main] com.netflix.discovery.DiscoveryClient    : Saw local status change event StatusChangeEvent [timestamp=1786379644386, current=UP, previous=STARTING]
2026-08-10T10:34:04.388-06:00  INFO 10772 --- [auth-service] [foReplicator-%d] com.netflix.discovery.DiscoveryClient    : DiscoveryClient_AUTH-SERVICE/PC-Sergio.mshome.net:auth-service:8081: registering service...
2026-08-10T10:34:04.418-06:00  INFO 10772 --- [auth-service] [           main] o.s.b.w.embedded.tomcat.TomcatWebServer  : Tomcat started on port 8081 (http) with context path '/'
2026-08-10T10:34:04.418-06:00  INFO 10772 --- [auth-service] [           main] .s.c.n.e.s.EurekaAutoServiceRegistration : Updating port to 8081
2026-08-10T10:34:04.436-06:00  INFO 10772 --- [auth-service] [foReplicator-%d] com.netflix.discovery.DiscoveryClient    : DiscoveryClient_AUTH-SERVICE/PC-Sergio.mshome.net:auth-service:8081 - registration status: 204
2026-08-10T10:34:04.439-06:00  INFO 10772 --- [auth-service] [           main] com.luxray.auth.AuthServiceApplication   : Started AuthServiceApplication in 12.388 seconds (process running for 13.1)
2026-08-10T10:37:04.548-06:00  INFO 10772 --- [auth-service] [beatExecutor-%d] com.netflix.discovery.DiscoveryClient    : DiscoveryClient_AUTH-SERVICE/PC-Sergio.mshome.net:auth-service:8081 - Re-registering apps/AUTH-SERVICE
2026-08-10T10:37:04.548-06:00  INFO 10772 --- [auth-service] [beatExecutor-%d] com.netflix.discovery.DiscoveryClient    : DiscoveryClient_AUTH-SERVICE/PC-Sergio.mshome.net:auth-service:8081: registering service...
2026-08-10T10:37:04.553-06:00  INFO 10772 --- [auth-service] [beatExecutor-%d] com.netflix.discovery.DiscoveryClient    : DiscoveryClient_AUTH-SERVICE/PC-Sergio.mshome.net:auth-service:8081 - registration status: 204
2026-08-10T10:37:50.950-06:00  INFO 10772 --- [auth-service] [nio-8081-exec-2] o.a.c.c.C.[Tomcat].[localhost].[/]       : Initializing Spring DispatcherServlet 'dispatcherServlet'
2026-08-10T10:37:50.950-06:00  INFO 10772 --- [auth-service] [nio-8081-exec-2] o.s.web.servlet.DispatcherServlet        : Initializing Servlet 'dispatcherServlet'
2026-08-10T10:37:50.952-06:00  INFO 10772 --- [auth-service] [nio-8081-exec-2] o.s.web.servlet.DispatcherServlet        : Completed initialization in 2 ms
2026-08-10T10:39:03.830-06:00  INFO 10772 --- [auth-service] [rap-executor-%d] c.n.d.s.r.aws.ConfigClusterResolver      : Resolving eureka endpoints via configuration
2026-08-10T10:44:03.840-06:00  INFO 10772 --- [auth-service] [rap-executor-%d] c.n.d.s.r.aws.ConfigClusterResolver      : Resolving eureka endpoints via configuration
2026-08-10T10:49:03.843-06:00  INFO 10772 --- [auth-service] [rap-executor-%d] c.n.d.s.r.aws.ConfigClusterResolver      : Resolving eureka endpoints via configuration
2026-08-10T10:54:03.845-06:00  INFO 10772 --- [auth-service] [rap-executor-%d] c.n.d.s.r.aws.ConfigClusterResolver      : Resolving eureka endpoints via configuration
2026-08-10T10:59:03.858-06:00  INFO 10772 --- [auth-service] [rap-executor-%d] c.n.d.s.r.aws.ConfigClusterResolver      : Resolving eureka endpoints via configuration
2026-08-10T11:04:03.867-06:00  INFO 10772 --- [auth-service] [rap-executor-%d] c.n.d.s.r.aws.ConfigClusterResolver      : Resolving eureka endpoints via configuration
2026-08-10T11:09:03.873-06:00  INFO 10772 --- [auth-service] [rap-executor-%d] c.n.d.s.r.aws.ConfigClusterResolver      : Resolving eureka endpoints via configuration
2026-08-10T11:14:03.882-06:00  INFO 10772 --- [auth-service] [rap-executor-%d] c.n.d.s.r.aws.ConfigClusterResolver      : Resolving eureka endpoints via configuration
2026-08-10T11:19:03.895-06:00  INFO 10772 --- [auth-service] [rap-executor-%d] c.n.d.s.r.aws.ConfigClusterResolver      : Resolving eureka endpoints via configuration
2026-08-10T11:24:03.909-06:00  INFO 10772 --- [auth-service] [rap-executor-%d] c.n.d.s.r.aws.ConfigClusterResolver      : Resolving eureka endpoints via configuration
2026-08-10T11:29:03.921-06:00  INFO 10772 --- [auth-service] [rap-executor-%d] c.n.d.s.r.aws.ConfigClusterResolver      : Resolving eureka endpoints via configuration
