
  .   ____          _            __ _ _
 /\\ / ___'_ __ _ _(_)_ __  __ _ \ \ \ \
( ( )\___ | '_ | '_| | '_ \/ _` | \ \ \ \
 \\/  ___)| |_)| | | | | || (_| |  ) ) ) )
  '  |____| .__|_| |_|_| |_\__, | / / / /
 =========|_|==============|___/=/_/_/_/

 :: Spring Boot ::                (v3.4.1)

2026-08-03T15:57:51.192-06:00  INFO 26812 --- [auth-service] [           main] com.luxray.auth.AuthServiceApplication   : Starting AuthServiceApplication v1.0.0-SNAPSHOT using Java 22.0.2 with PID 26812 (C:\DDI\luxray\backend\auth-service\target\auth-service-1.0.0-SNAPSHOT.jar started by sergi in C:\DDI\luxray)
2026-08-03T15:57:51.203-06:00  INFO 26812 --- [auth-service] [           main] com.luxray.auth.AuthServiceApplication   : No active profile set, falling back to 1 default profile: "default"
2026-08-03T15:58:29.511-06:00  INFO 26812 --- [auth-service] [           main] .s.d.r.c.RepositoryConfigurationDelegate : Bootstrapping Spring Data JPA repositories in DEFAULT mode.
2026-08-03T15:58:31.459-06:00  INFO 26812 --- [auth-service] [           main] .s.d.r.c.RepositoryConfigurationDelegate : Finished Spring Data repository scanning in 1743 ms. Found 1 JPA repository interface.
2026-08-03T15:58:33.821-06:00  INFO 26812 --- [auth-service] [           main] o.s.cloud.context.scope.GenericScope     : BeanFactory id=e0ce3212-3c0c-3e9b-b9eb-5ac34a3cac66
2026-08-03T15:58:40.452-06:00  INFO 26812 --- [auth-service] [           main] o.s.b.w.embedded.tomcat.TomcatWebServer  : Tomcat initialized with port 8081 (http)
2026-08-03T15:58:40.519-06:00  INFO 26812 --- [auth-service] [           main] o.apache.catalina.core.StandardService   : Starting service [Tomcat]
2026-08-03T15:58:40.522-06:00  INFO 26812 --- [auth-service] [           main] o.apache.catalina.core.StandardEngine    : Starting Servlet engine: [Apache Tomcat/10.1.34]
2026-08-03T15:58:40.735-06:00  INFO 26812 --- [auth-service] [           main] o.a.c.c.C.[Tomcat].[localhost].[/]       : Initializing Spring embedded WebApplicationContext
2026-08-03T15:58:40.743-06:00  INFO 26812 --- [auth-service] [           main] w.s.c.ServletWebServerApplicationContext : Root WebApplicationContext: initialization completed in 49016 ms
2026-08-03T15:58:43.885-06:00  INFO 26812 --- [auth-service] [           main] com.zaxxer.hikari.HikariDataSource       : HikariPool-1 - Starting...
2026-08-03T15:58:44.957-06:00  INFO 26812 --- [auth-service] [           main] com.zaxxer.hikari.pool.HikariPool        : HikariPool-1 - Added connection org.postgresql.jdbc.PgConnection@577cf459
2026-08-03T15:58:44.963-06:00  INFO 26812 --- [auth-service] [           main] com.zaxxer.hikari.HikariDataSource       : HikariPool-1 - Start completed.
2026-08-03T15:58:45.088-06:00  INFO 26812 --- [auth-service] [           main] org.flywaydb.core.FlywayExecutor         : Database: jdbc:postgresql://localhost:5432/auth_db (PostgreSQL 16.14)
2026-08-03T15:58:45.652-06:00  INFO 26812 --- [auth-service] [           main] o.f.core.internal.command.DbValidate     : Successfully validated 1 migration (execution time 00:00.217s)
2026-08-03T15:58:45.867-06:00  INFO 26812 --- [auth-service] [           main] o.f.core.internal.command.DbMigrate      : Current version of schema "public": 1
2026-08-03T15:58:45.897-06:00  INFO 26812 --- [auth-service] [           main] o.f.core.internal.command.DbMigrate      : Schema "public" is up to date. No migration necessary.
2026-08-03T15:58:46.479-06:00  INFO 26812 --- [auth-service] [           main] o.hibernate.jpa.internal.util.LogHelper  : HHH000204: Processing PersistenceUnitInfo [name: default]
2026-08-03T15:58:46.930-06:00  INFO 26812 --- [auth-service] [           main] org.hibernate.Version                    : HHH000412: Hibernate ORM core version 6.6.4.Final
2026-08-03T15:58:47.105-06:00  INFO 26812 --- [auth-service] [           main] o.h.c.internal.RegionFactoryInitiator    : HHH000026: Second-level cache disabled
2026-08-03T15:58:48.523-06:00  INFO 26812 --- [auth-service] [           main] o.s.o.j.p.SpringPersistenceUnitInfo      : No LoadTimeWeaver setup: ignoring JPA class transformer
2026-08-03T15:58:48.766-06:00  WARN 26812 --- [auth-service] [           main] org.hibernate.orm.deprecation            : HHH90000025: PostgreSQLDialect does not need to be specified explicitly using 'hibernate.dialect' (remove the property setting and it will be selected by default)
2026-08-03T15:58:48.806-06:00  INFO 26812 --- [auth-service] [           main] org.hibernate.orm.connections.pooling    : HHH10001005: Database info:
	Database JDBC URL [Connecting through datasource 'HikariDataSource (HikariPool-1)']
	Database driver: undefined/unknown
	Database version: 16.14
	Autocommit mode: undefined/unknown
	Isolation level: undefined/unknown
	Minimum pool size: undefined/unknown
	Maximum pool size: undefined/unknown
2026-08-03T15:58:56.046-06:00  INFO 26812 --- [auth-service] [           main] o.h.e.t.j.p.i.JtaPlatformInitiator       : HHH000489: No JTA platform available (set 'hibernate.transaction.jta.platform' to enable JTA platform integration)
2026-08-03T15:58:57.037-06:00  INFO 26812 --- [auth-service] [           main] j.LocalContainerEntityManagerFactoryBean : Initialized JPA EntityManagerFactory for persistence unit 'default'
2026-08-03T15:58:59.000-06:00  WARN 26812 --- [auth-service] [           main] .s.s.UserDetailsServiceAutoConfiguration : 

Using generated security password: 6f6f19c4-7ec6-445f-86c8-c4f4881f262b

This generated password is for development use only. Your security configuration must be updated before running your application in production.

2026-08-03T15:58:59.035-06:00  INFO 26812 --- [auth-service] [           main] r$InitializeUserDetailsManagerConfigurer : Global AuthenticationManager configured with UserDetailsService bean with name inMemoryUserDetailsManager
2026-08-03T15:59:02.046-06:00  INFO 26812 --- [auth-service] [           main] o.s.b.a.e.web.EndpointLinksResolver      : Exposing 2 endpoints beneath base path '/actuator'
2026-08-03T15:59:05.237-06:00  INFO 26812 --- [auth-service] [           main] DiscoveryClientOptionalArgsConfiguration : Eureka HTTP Client uses RestTemplate.
2026-08-03T15:59:05.513-06:00  WARN 26812 --- [auth-service] [           main] iguration$LoadBalancerCaffeineWarnLogger : Spring Cloud LoadBalancer is currently working with the default cache. While this cache implementation is useful for development and tests, it's recommended to use Caffeine cache in production.You can switch to using Caffeine cache, by adding it and org.springframework.cache.caffeine.CaffeineCacheManager to the classpath.
2026-08-03T15:59:05.779-06:00  INFO 26812 --- [auth-service] [           main] o.s.c.n.eureka.InstanceInfoFactory       : Setting initial instance status as: STARTING
2026-08-03T15:59:05.903-06:00  INFO 26812 --- [auth-service] [           main] com.netflix.discovery.DiscoveryClient    : Initializing Eureka in region us-east-1
2026-08-03T15:59:05.921-06:00  INFO 26812 --- [auth-service] [           main] c.n.d.s.r.aws.ConfigClusterResolver      : Resolving eureka endpoints via configuration
2026-08-03T15:59:05.954-06:00  INFO 26812 --- [auth-service] [           main] com.netflix.discovery.DiscoveryClient    : Disable delta property : false
2026-08-03T15:59:05.955-06:00  INFO 26812 --- [auth-service] [           main] com.netflix.discovery.DiscoveryClient    : Single vip registry refresh property : null
2026-08-03T15:59:05.958-06:00  INFO 26812 --- [auth-service] [           main] com.netflix.discovery.DiscoveryClient    : Force full registry fetch : false
2026-08-03T15:59:05.959-06:00  INFO 26812 --- [auth-service] [           main] com.netflix.discovery.DiscoveryClient    : Application is null : false
2026-08-03T15:59:05.960-06:00  INFO 26812 --- [auth-service] [           main] com.netflix.discovery.DiscoveryClient    : Registered Applications size is zero : true
2026-08-03T15:59:05.961-06:00  INFO 26812 --- [auth-service] [           main] com.netflix.discovery.DiscoveryClient    : Application version is -1: true
2026-08-03T15:59:05.962-06:00  INFO 26812 --- [auth-service] [           main] com.netflix.discovery.DiscoveryClient    : Getting all instance registry info from the eureka server
2026-08-03T15:59:08.179-06:00  INFO 26812 --- [auth-service] [           main] com.netflix.discovery.DiscoveryClient    : The response status is 200
2026-08-03T15:59:08.184-06:00  INFO 26812 --- [auth-service] [           main] com.netflix.discovery.DiscoveryClient    : Starting heartbeat executor: renew interval is: 30
2026-08-03T15:59:08.191-06:00  INFO 26812 --- [auth-service] [           main] c.n.discovery.InstanceInfoReplicator     : InstanceInfoReplicator onDemand update allowed rate per min is 4
2026-08-03T15:59:08.196-06:00  INFO 26812 --- [auth-service] [           main] com.netflix.discovery.DiscoveryClient    : Discovery Client initialized at timestamp 1785794348194 with initial instances count: 0
2026-08-03T15:59:08.205-06:00  INFO 26812 --- [auth-service] [           main] o.s.c.n.e.s.EurekaServiceRegistry        : Registering application AUTH-SERVICE with eureka with status UP
2026-08-03T15:59:08.208-06:00  INFO 26812 --- [auth-service] [           main] com.netflix.discovery.DiscoveryClient    : Saw local status change event StatusChangeEvent [timestamp=1785794348208, current=UP, previous=STARTING]
2026-08-03T15:59:08.276-06:00  INFO 26812 --- [auth-service] [foReplicator-%d] com.netflix.discovery.DiscoveryClient    : DiscoveryClient_AUTH-SERVICE/PC-Sergio.mshome.net:auth-service:8081: registering service...
2026-08-03T15:59:08.439-06:00  INFO 26812 --- [auth-service] [           main] o.s.b.w.embedded.tomcat.TomcatWebServer  : Tomcat started on port 8081 (http) with context path '/'
2026-08-03T15:59:08.444-06:00  INFO 26812 --- [auth-service] [           main] .s.c.n.e.s.EurekaAutoServiceRegistration : Updating port to 8081
2026-08-03T15:59:08.501-06:00  INFO 26812 --- [auth-service] [           main] com.luxray.auth.AuthServiceApplication   : Started AuthServiceApplication in 82.284 seconds (process running for 86.203)
2026-08-03T15:59:08.865-06:00  INFO 26812 --- [auth-service] [foReplicator-%d] com.netflix.discovery.DiscoveryClient    : DiscoveryClient_AUTH-SERVICE/PC-Sergio.mshome.net:auth-service:8081 - registration status: 204
2026-08-03T15:59:38.199-06:00  INFO 26812 --- [auth-service] [reshExecutor-%d] com.netflix.discovery.DiscoveryClient    : Disable delta property : false
2026-08-03T15:59:38.201-06:00  INFO 26812 --- [auth-service] [reshExecutor-%d] com.netflix.discovery.DiscoveryClient    : Single vip registry refresh property : null
2026-08-03T15:59:38.202-06:00  INFO 26812 --- [auth-service] [reshExecutor-%d] com.netflix.discovery.DiscoveryClient    : Force full registry fetch : false
2026-08-03T15:59:38.203-06:00  INFO 26812 --- [auth-service] [reshExecutor-%d] com.netflix.discovery.DiscoveryClient    : Application is null : false
2026-08-03T15:59:38.203-06:00  INFO 26812 --- [auth-service] [reshExecutor-%d] com.netflix.discovery.DiscoveryClient    : Registered Applications size is zero : true
2026-08-03T15:59:38.203-06:00  INFO 26812 --- [auth-service] [reshExecutor-%d] com.netflix.discovery.DiscoveryClient    : Application version is -1: false
2026-08-03T15:59:38.204-06:00  INFO 26812 --- [auth-service] [reshExecutor-%d] com.netflix.discovery.DiscoveryClient    : Getting all instance registry info from the eureka server
2026-08-03T15:59:38.306-06:00  INFO 26812 --- [auth-service] [reshExecutor-%d] com.netflix.discovery.DiscoveryClient    : The response status is 200
2026-08-03T16:02:09.123-06:00  INFO 26812 --- [auth-service] [beatExecutor-%d] com.netflix.discovery.DiscoveryClient    : DiscoveryClient_AUTH-SERVICE/PC-Sergio.mshome.net:auth-service:8081 - Re-registering apps/AUTH-SERVICE
2026-08-03T16:02:09.124-06:00  INFO 26812 --- [auth-service] [beatExecutor-%d] com.netflix.discovery.DiscoveryClient    : DiscoveryClient_AUTH-SERVICE/PC-Sergio.mshome.net:auth-service:8081: registering service...
2026-08-03T16:02:09.131-06:00  INFO 26812 --- [auth-service] [beatExecutor-%d] com.netflix.discovery.DiscoveryClient    : DiscoveryClient_AUTH-SERVICE/PC-Sergio.mshome.net:auth-service:8081 - registration status: 204
2026-08-03T16:02:38.626-06:00  INFO 26812 --- [auth-service] [reshExecutor-%d] com.netflix.discovery.DiscoveryClient    : Disable delta property : false
2026-08-03T16:02:38.628-06:00  INFO 26812 --- [auth-service] [reshExecutor-%d] com.netflix.discovery.DiscoveryClient    : Single vip registry refresh property : null
2026-08-03T16:02:38.629-06:00  INFO 26812 --- [auth-service] [reshExecutor-%d] com.netflix.discovery.DiscoveryClient    : Force full registry fetch : false
2026-08-03T16:02:38.629-06:00  INFO 26812 --- [auth-service] [reshExecutor-%d] com.netflix.discovery.DiscoveryClient    : Application is null : false
2026-08-03T16:02:38.629-06:00  INFO 26812 --- [auth-service] [reshExecutor-%d] com.netflix.discovery.DiscoveryClient    : Registered Applications size is zero : true
2026-08-03T16:02:38.630-06:00  INFO 26812 --- [auth-service] [reshExecutor-%d] com.netflix.discovery.DiscoveryClient    : Application version is -1: false
2026-08-03T16:02:38.631-06:00  INFO 26812 --- [auth-service] [reshExecutor-%d] com.netflix.discovery.DiscoveryClient    : Getting all instance registry info from the eureka server
2026-08-03T16:02:38.650-06:00  INFO 26812 --- [auth-service] [reshExecutor-%d] com.netflix.discovery.DiscoveryClient    : The response status is 200
2026-08-03T16:04:05.975-06:00  INFO 26812 --- [auth-service] [rap-executor-%d] c.n.d.s.r.aws.ConfigClusterResolver      : Resolving eureka endpoints via configuration
2026-08-03T16:09:05.986-06:00  INFO 26812 --- [auth-service] [rap-executor-%d] c.n.d.s.r.aws.ConfigClusterResolver      : Resolving eureka endpoints via configuration
2026-08-03T16:14:05.995-06:00  INFO 26812 --- [auth-service] [rap-executor-%d] c.n.d.s.r.aws.ConfigClusterResolver      : Resolving eureka endpoints via configuration
