
  .   ____          _            __ _ _
 /\\ / ___'_ __ _ _(_)_ __  __ _ \ \ \ \
( ( )\___ | '_ | '_| | '_ \/ _` | \ \ \ \
 \\/  ___)| |_)| | | | | || (_| |  ) ) ) )
  '  |____| .__|_| |_|_| |_\__, | / / / /
 =========|_|==============|___/=/_/_/_/

 :: Spring Boot ::                (v3.4.1)

2026-08-10T10:36:51.244-06:00  INFO 5768 --- [auth-service] [           main] com.luxray.auth.AuthServiceApplication   : Starting AuthServiceApplication v1.0.0-SNAPSHOT using Java 22.0.2 with PID 5768 (C:\DDI\luxray\backend\auth-service\target\auth-service-1.0.0-SNAPSHOT.jar started by sergi in C:\DDI\luxray)
2026-08-10T10:36:51.249-06:00  INFO 5768 --- [auth-service] [           main] com.luxray.auth.AuthServiceApplication   : No active profile set, falling back to 1 default profile: "default"
2026-08-10T10:36:53.400-06:00  INFO 5768 --- [auth-service] [           main] .s.d.r.c.RepositoryConfigurationDelegate : Bootstrapping Spring Data JPA repositories in DEFAULT mode.
2026-08-10T10:36:53.599-06:00  INFO 5768 --- [auth-service] [           main] .s.d.r.c.RepositoryConfigurationDelegate : Finished Spring Data repository scanning in 177 ms. Found 1 JPA repository interface.
2026-08-10T10:36:54.118-06:00  INFO 5768 --- [auth-service] [           main] o.s.cloud.context.scope.GenericScope     : BeanFactory id=29244684-4b82-360d-b339-5c3f949ffc89
2026-08-10T10:36:55.328-06:00  INFO 5768 --- [auth-service] [           main] o.s.b.w.embedded.tomcat.TomcatWebServer  : Tomcat initialized with port 8081 (http)
2026-08-10T10:36:55.353-06:00  INFO 5768 --- [auth-service] [           main] o.apache.catalina.core.StandardService   : Starting service [Tomcat]
2026-08-10T10:36:55.355-06:00  INFO 5768 --- [auth-service] [           main] o.apache.catalina.core.StandardEngine    : Starting Servlet engine: [Apache Tomcat/10.1.34]
2026-08-10T10:36:55.415-06:00  INFO 5768 --- [auth-service] [           main] o.a.c.c.C.[Tomcat].[localhost].[/]       : Initializing Spring embedded WebApplicationContext
2026-08-10T10:36:55.417-06:00  INFO 5768 --- [auth-service] [           main] w.s.c.ServletWebServerApplicationContext : Root WebApplicationContext: initialization completed in 4085 ms
2026-08-10T10:36:56.363-06:00  INFO 5768 --- [auth-service] [           main] com.zaxxer.hikari.HikariDataSource       : HikariPool-1 - Starting...
2026-08-10T10:36:56.717-06:00  INFO 5768 --- [auth-service] [           main] com.zaxxer.hikari.pool.HikariPool        : HikariPool-1 - Added connection org.postgresql.jdbc.PgConnection@aa633e6
2026-08-10T10:36:56.725-06:00  INFO 5768 --- [auth-service] [           main] com.zaxxer.hikari.HikariDataSource       : HikariPool-1 - Start completed.
2026-08-10T10:36:56.781-06:00  INFO 5768 --- [auth-service] [           main] org.flywaydb.core.FlywayExecutor         : Database: jdbc:postgresql://localhost:5433/auth_db (PostgreSQL 16.14)
2026-08-10T10:36:56.920-06:00  INFO 5768 --- [auth-service] [           main] o.f.core.internal.command.DbValidate     : Successfully validated 4 migrations (execution time 00:00.076s)
2026-08-10T10:36:56.964-06:00  INFO 5768 --- [auth-service] [           main] o.f.core.internal.command.DbMigrate      : Current version of schema "public": 4
2026-08-10T10:36:56.973-06:00  INFO 5768 --- [auth-service] [           main] o.f.core.internal.command.DbMigrate      : Schema "public" is up to date. No migration necessary.
2026-08-10T10:36:57.156-06:00  INFO 5768 --- [auth-service] [           main] o.hibernate.jpa.internal.util.LogHelper  : HHH000204: Processing PersistenceUnitInfo [name: default]
2026-08-10T10:36:57.250-06:00  INFO 5768 --- [auth-service] [           main] org.hibernate.Version                    : HHH000412: Hibernate ORM core version 6.6.4.Final
2026-08-10T10:36:57.303-06:00  INFO 5768 --- [auth-service] [           main] o.h.c.internal.RegionFactoryInitiator    : HHH000026: Second-level cache disabled
2026-08-10T10:36:57.746-06:00  INFO 5768 --- [auth-service] [           main] o.s.o.j.p.SpringPersistenceUnitInfo      : No LoadTimeWeaver setup: ignoring JPA class transformer
2026-08-10T10:36:57.802-06:00  WARN 5768 --- [auth-service] [           main] org.hibernate.orm.deprecation            : HHH90000025: PostgreSQLDialect does not need to be specified explicitly using 'hibernate.dialect' (remove the property setting and it will be selected by default)
2026-08-10T10:36:57.819-06:00  INFO 5768 --- [auth-service] [           main] org.hibernate.orm.connections.pooling    : HHH10001005: Database info:
	Database JDBC URL [Connecting through datasource 'HikariDataSource (HikariPool-1)']
	Database driver: undefined/unknown
	Database version: 16.14
	Autocommit mode: undefined/unknown
	Isolation level: undefined/unknown
	Minimum pool size: undefined/unknown
	Maximum pool size: undefined/unknown
2026-08-10T10:36:58.664-06:00  INFO 5768 --- [auth-service] [           main] o.h.e.t.j.p.i.JtaPlatformInitiator       : HHH000489: No JTA platform available (set 'hibernate.transaction.jta.platform' to enable JTA platform integration)
2026-08-10T10:36:58.699-06:00  INFO 5768 --- [auth-service] [           main] j.LocalContainerEntityManagerFactoryBean : Initialized JPA EntityManagerFactory for persistence unit 'default'
2026-08-10T10:36:59.526-06:00  WARN 5768 --- [auth-service] [           main] .s.s.UserDetailsServiceAutoConfiguration : 

Using generated security password: e80388e3-2357-4a2e-9cc6-098b5326b23b

This generated password is for development use only. Your security configuration must be updated before running your application in production.

2026-08-10T10:36:59.538-06:00  INFO 5768 --- [auth-service] [           main] r$InitializeUserDetailsManagerConfigurer : Global AuthenticationManager configured with UserDetailsService bean with name inMemoryUserDetailsManager
2026-08-10T10:37:00.320-06:00  INFO 5768 --- [auth-service] [           main] o.s.b.a.e.web.EndpointLinksResolver      : Exposing 2 endpoints beneath base path '/actuator'
2026-08-10T10:37:01.220-06:00  INFO 5768 --- [auth-service] [           main] DiscoveryClientOptionalArgsConfiguration : Eureka HTTP Client uses RestTemplate.
2026-08-10T10:37:01.314-06:00  WARN 5768 --- [auth-service] [           main] iguration$LoadBalancerCaffeineWarnLogger : Spring Cloud LoadBalancer is currently working with the default cache. While this cache implementation is useful for development and tests, it's recommended to use Caffeine cache in production.You can switch to using Caffeine cache, by adding it and org.springframework.cache.caffeine.CaffeineCacheManager to the classpath.
2026-08-10T10:37:01.382-06:00  INFO 5768 --- [auth-service] [           main] o.s.c.n.eureka.InstanceInfoFactory       : Setting initial instance status as: STARTING
2026-08-10T10:37:01.405-06:00  INFO 5768 --- [auth-service] [           main] com.netflix.discovery.DiscoveryClient    : Initializing Eureka in region us-east-1
2026-08-10T10:37:01.412-06:00  INFO 5768 --- [auth-service] [           main] c.n.d.s.r.aws.ConfigClusterResolver      : Resolving eureka endpoints via configuration
2026-08-10T10:37:01.419-06:00  INFO 5768 --- [auth-service] [           main] com.netflix.discovery.DiscoveryClient    : Disable delta property : false
2026-08-10T10:37:01.419-06:00  INFO 5768 --- [auth-service] [           main] com.netflix.discovery.DiscoveryClient    : Single vip registry refresh property : null
2026-08-10T10:37:01.419-06:00  INFO 5768 --- [auth-service] [           main] com.netflix.discovery.DiscoveryClient    : Force full registry fetch : false
2026-08-10T10:37:01.420-06:00  INFO 5768 --- [auth-service] [           main] com.netflix.discovery.DiscoveryClient    : Application is null : false
2026-08-10T10:37:01.420-06:00  INFO 5768 --- [auth-service] [           main] com.netflix.discovery.DiscoveryClient    : Registered Applications size is zero : true
2026-08-10T10:37:01.420-06:00  INFO 5768 --- [auth-service] [           main] com.netflix.discovery.DiscoveryClient    : Application version is -1: true
2026-08-10T10:37:01.421-06:00  INFO 5768 --- [auth-service] [           main] com.netflix.discovery.DiscoveryClient    : Getting all instance registry info from the eureka server
2026-08-10T10:37:01.868-06:00  INFO 5768 --- [auth-service] [           main] com.netflix.discovery.DiscoveryClient    : The response status is 200
2026-08-10T10:37:01.871-06:00  INFO 5768 --- [auth-service] [           main] com.netflix.discovery.DiscoveryClient    : Starting heartbeat executor: renew interval is: 30
2026-08-10T10:37:01.874-06:00  INFO 5768 --- [auth-service] [           main] c.n.discovery.InstanceInfoReplicator     : InstanceInfoReplicator onDemand update allowed rate per min is 4
2026-08-10T10:37:01.875-06:00  INFO 5768 --- [auth-service] [           main] com.netflix.discovery.DiscoveryClient    : Discovery Client initialized at timestamp 1786379821875 with initial instances count: 3
2026-08-10T10:37:01.889-06:00  INFO 5768 --- [auth-service] [           main] o.s.c.n.e.s.EurekaServiceRegistry        : Registering application AUTH-SERVICE with eureka with status UP
2026-08-10T10:37:01.891-06:00  INFO 5768 --- [auth-service] [           main] com.netflix.discovery.DiscoveryClient    : Saw local status change event StatusChangeEvent [timestamp=1786379821891, current=UP, previous=STARTING]
2026-08-10T10:37:01.895-06:00  INFO 5768 --- [auth-service] [foReplicator-%d] com.netflix.discovery.DiscoveryClient    : DiscoveryClient_AUTH-SERVICE/PC-Sergio.mshome.net:auth-service:8081: registering service...
2026-08-10T10:37:01.906-06:00  INFO 5768 --- [auth-service] [           main] o.s.c.n.e.s.EurekaServiceRegistry        : Unregistering application AUTH-SERVICE with eureka with status DOWN
2026-08-10T10:37:01.907-06:00  INFO 5768 --- [auth-service] [           main] com.netflix.discovery.DiscoveryClient    : Saw local status change event StatusChangeEvent [timestamp=1786379821907, current=DOWN, previous=UP]
2026-08-10T10:37:01.914-06:00  WARN 5768 --- [auth-service] [           main] ConfigServletWebServerApplicationContext : Exception encountered during context initialization - cancelling refresh attempt: org.springframework.context.ApplicationContextException: Failed to start bean 'webServerStartStop'
2026-08-10T10:37:01.927-06:00  INFO 5768 --- [auth-service] [           main] j.LocalContainerEntityManagerFactoryBean : Closing JPA EntityManagerFactory for persistence unit 'default'
2026-08-10T10:37:01.931-06:00  INFO 5768 --- [auth-service] [           main] com.zaxxer.hikari.HikariDataSource       : HikariPool-1 - Shutdown initiated...
2026-08-10T10:37:01.944-06:00  INFO 5768 --- [auth-service] [           main] com.zaxxer.hikari.HikariDataSource       : HikariPool-1 - Shutdown completed.
2026-08-10T10:37:01.945-06:00  INFO 5768 --- [auth-service] [           main] com.netflix.discovery.DiscoveryClient    : Shutting down DiscoveryClient ...
2026-08-10T10:37:01.964-06:00  INFO 5768 --- [auth-service] [foReplicator-%d] com.netflix.discovery.DiscoveryClient    : DiscoveryClient_AUTH-SERVICE/PC-Sergio.mshome.net:auth-service:8081 - registration status: 204
2026-08-10T10:37:01.965-06:00  INFO 5768 --- [auth-service] [foReplicator-%d] com.netflix.discovery.DiscoveryClient    : DiscoveryClient_AUTH-SERVICE/PC-Sergio.mshome.net:auth-service:8081: registering service...
2026-08-10T10:37:01.969-06:00  INFO 5768 --- [auth-service] [foReplicator-%d] com.netflix.discovery.DiscoveryClient    : DiscoveryClient_AUTH-SERVICE/PC-Sergio.mshome.net:auth-service:8081 - registration status: 204
2026-08-10T10:37:01.970-06:00  INFO 5768 --- [auth-service] [           main] com.netflix.discovery.DiscoveryClient    : Unregistering ...
2026-08-10T10:37:01.976-06:00  INFO 5768 --- [auth-service] [           main] com.netflix.discovery.DiscoveryClient    : DiscoveryClient_AUTH-SERVICE/PC-Sergio.mshome.net:auth-service:8081 - deregister  status: 200
2026-08-10T10:37:01.976-06:00  INFO 5768 --- [auth-service] [           main] com.netflix.discovery.DiscoveryClient    : Completed shut down of DiscoveryClient
2026-08-10T10:37:01.993-06:00  INFO 5768 --- [auth-service] [           main] .s.b.a.l.ConditionEvaluationReportLogger : 

Error starting ApplicationContext. To display the condition evaluation report re-run your application with 'debug' enabled.
2026-08-10T10:37:02.011-06:00 ERROR 5768 --- [auth-service] [           main] o.s.b.d.LoggingFailureAnalysisReporter   : 

***************************
APPLICATION FAILED TO START
***************************

Description:

Web server failed to start. Port 8081 was already in use.

Action:

Identify and stop the process that's listening on port 8081 or configure this application to listen on another port.

