
  .   ____          _            __ _ _
 /\\ / ___'_ __ _ _(_)_ __  __ _ \ \ \ \
( ( )\___ | '_ | '_| | '_ \/ _` | \ \ \ \
 \\/  ___)| |_)| | | | | || (_| |  ) ) ) )
  '  |____| .__|_| |_|_| |_\__, | / / / /
 =========|_|==============|___/=/_/_/_/

 :: Spring Boot ::                (v3.4.1)

2026-08-10T10:54:44.530-06:00  INFO 8536 --- [cursos-service] [           main] c.l.cursos.CursosServiceApplication      : Starting CursosServiceApplication v1.0.0-SNAPSHOT using Java 22.0.2 with PID 8536 (C:\DDI\luxray\backend\cursos-service\target\cursos-service-1.0.0-SNAPSHOT.jar started by sergi in C:\DDI\luxray)
2026-08-10T10:54:44.541-06:00  INFO 8536 --- [cursos-service] [           main] c.l.cursos.CursosServiceApplication      : No active profile set, falling back to 1 default profile: "default"
2026-08-10T10:54:46.711-06:00  INFO 8536 --- [cursos-service] [           main] .s.d.r.c.RepositoryConfigurationDelegate : Bootstrapping Spring Data JPA repositories in DEFAULT mode.
2026-08-10T10:54:46.937-06:00  INFO 8536 --- [cursos-service] [           main] .s.d.r.c.RepositoryConfigurationDelegate : Finished Spring Data repository scanning in 210 ms. Found 4 JPA repository interfaces.
2026-08-10T10:54:47.364-06:00  INFO 8536 --- [cursos-service] [           main] o.s.cloud.context.scope.GenericScope     : BeanFactory id=7cc03bd4-c424-329f-94ef-3fed31191c80
2026-08-10T10:54:48.539-06:00  INFO 8536 --- [cursos-service] [           main] o.s.b.w.embedded.tomcat.TomcatWebServer  : Tomcat initialized with port 8082 (http)
2026-08-10T10:54:48.566-06:00  INFO 8536 --- [cursos-service] [           main] o.apache.catalina.core.StandardService   : Starting service [Tomcat]
2026-08-10T10:54:48.566-06:00  INFO 8536 --- [cursos-service] [           main] o.apache.catalina.core.StandardEngine    : Starting Servlet engine: [Apache Tomcat/10.1.34]
2026-08-10T10:54:48.628-06:00  INFO 8536 --- [cursos-service] [           main] o.a.c.c.C.[Tomcat].[localhost].[/]       : Initializing Spring embedded WebApplicationContext
2026-08-10T10:54:48.630-06:00  INFO 8536 --- [cursos-service] [           main] w.s.c.ServletWebServerApplicationContext : Root WebApplicationContext: initialization completed in 4015 ms
2026-08-10T10:54:49.487-06:00  INFO 8536 --- [cursos-service] [           main] com.zaxxer.hikari.HikariDataSource       : HikariPool-1 - Starting...
2026-08-10T10:54:49.826-06:00  INFO 8536 --- [cursos-service] [           main] com.zaxxer.hikari.pool.HikariPool        : HikariPool-1 - Added connection org.postgresql.jdbc.PgConnection@1f12d5e0
2026-08-10T10:54:49.827-06:00  INFO 8536 --- [cursos-service] [           main] com.zaxxer.hikari.HikariDataSource       : HikariPool-1 - Start completed.
2026-08-10T10:54:49.879-06:00  INFO 8536 --- [cursos-service] [           main] org.flywaydb.core.FlywayExecutor         : Database: jdbc:postgresql://localhost:5432/cursos_db (PostgreSQL 16.14)
2026-08-10T10:54:50.013-06:00  INFO 8536 --- [cursos-service] [           main] o.f.core.internal.command.DbValidate     : Successfully validated 10 migrations (execution time 00:00.091s)
2026-08-10T10:54:50.053-06:00  INFO 8536 --- [cursos-service] [           main] o.f.core.internal.command.DbMigrate      : Current version of schema "public": 10
2026-08-10T10:54:50.058-06:00  INFO 8536 --- [cursos-service] [           main] o.f.core.internal.command.DbMigrate      : Schema "public" is up to date. No migration necessary.
2026-08-10T10:54:50.226-06:00  INFO 8536 --- [cursos-service] [           main] o.hibernate.jpa.internal.util.LogHelper  : HHH000204: Processing PersistenceUnitInfo [name: default]
2026-08-10T10:54:50.300-06:00  INFO 8536 --- [cursos-service] [           main] org.hibernate.Version                    : HHH000412: Hibernate ORM core version 6.6.4.Final
2026-08-10T10:54:50.347-06:00  INFO 8536 --- [cursos-service] [           main] o.h.c.internal.RegionFactoryInitiator    : HHH000026: Second-level cache disabled
2026-08-10T10:54:50.637-06:00  INFO 8536 --- [cursos-service] [           main] o.s.o.j.p.SpringPersistenceUnitInfo      : No LoadTimeWeaver setup: ignoring JPA class transformer
2026-08-10T10:54:50.771-06:00  WARN 8536 --- [cursos-service] [           main] org.hibernate.orm.deprecation            : HHH90000025: PostgreSQLDialect does not need to be specified explicitly using 'hibernate.dialect' (remove the property setting and it will be selected by default)
2026-08-10T10:54:50.786-06:00  INFO 8536 --- [cursos-service] [           main] org.hibernate.orm.connections.pooling    : HHH10001005: Database info:
	Database JDBC URL [Connecting through datasource 'HikariDataSource (HikariPool-1)']
	Database driver: undefined/unknown
	Database version: 16.14
	Autocommit mode: undefined/unknown
	Isolation level: undefined/unknown
	Minimum pool size: undefined/unknown
	Maximum pool size: undefined/unknown
2026-08-10T10:54:51.666-06:00  INFO 8536 --- [cursos-service] [           main] o.h.e.t.j.p.i.JtaPlatformInitiator       : HHH000489: No JTA platform available (set 'hibernate.transaction.jta.platform' to enable JTA platform integration)
2026-08-10T10:54:51.706-06:00  INFO 8536 --- [cursos-service] [           main] j.LocalContainerEntityManagerFactoryBean : Initialized JPA EntityManagerFactory for persistence unit 'default'
2026-08-10T10:54:52.207-06:00  INFO 8536 --- [cursos-service] [           main] o.s.d.j.r.query.QueryEnhancerFactory     : Hibernate is in classpath; If applicable, HQL parser will be used.
2026-08-10T10:54:53.758-06:00  WARN 8536 --- [cursos-service] [           main] .s.s.UserDetailsServiceAutoConfiguration : 

Using generated security password: 8cd0e39c-8d46-449e-91dd-d71374eeaa39

This generated password is for development use only. Your security configuration must be updated before running your application in production.

2026-08-10T10:54:53.780-06:00  INFO 8536 --- [cursos-service] [           main] r$InitializeUserDetailsManagerConfigurer : Global AuthenticationManager configured with UserDetailsService bean with name inMemoryUserDetailsManager
2026-08-10T10:54:54.672-06:00  INFO 8536 --- [cursos-service] [           main] o.s.b.a.e.web.EndpointLinksResolver      : Exposing 2 endpoints beneath base path '/actuator'
2026-08-10T10:54:55.547-06:00  INFO 8536 --- [cursos-service] [           main] DiscoveryClientOptionalArgsConfiguration : Eureka HTTP Client uses RestTemplate.
2026-08-10T10:54:55.656-06:00  WARN 8536 --- [cursos-service] [           main] iguration$LoadBalancerCaffeineWarnLogger : Spring Cloud LoadBalancer is currently working with the default cache. While this cache implementation is useful for development and tests, it's recommended to use Caffeine cache in production.You can switch to using Caffeine cache, by adding it and org.springframework.cache.caffeine.CaffeineCacheManager to the classpath.
2026-08-10T10:54:55.754-06:00  INFO 8536 --- [cursos-service] [           main] o.s.c.n.eureka.InstanceInfoFactory       : Setting initial instance status as: STARTING
2026-08-10T10:54:55.792-06:00  INFO 8536 --- [cursos-service] [           main] com.netflix.discovery.DiscoveryClient    : Initializing Eureka in region us-east-1
2026-08-10T10:54:55.796-06:00  INFO 8536 --- [cursos-service] [           main] c.n.d.s.r.aws.ConfigClusterResolver      : Resolving eureka endpoints via configuration
2026-08-10T10:54:55.820-06:00  INFO 8536 --- [cursos-service] [           main] com.netflix.discovery.DiscoveryClient    : Disable delta property : false
2026-08-10T10:54:55.820-06:00  INFO 8536 --- [cursos-service] [           main] com.netflix.discovery.DiscoveryClient    : Single vip registry refresh property : null
2026-08-10T10:54:55.821-06:00  INFO 8536 --- [cursos-service] [           main] com.netflix.discovery.DiscoveryClient    : Force full registry fetch : false
2026-08-10T10:54:55.821-06:00  INFO 8536 --- [cursos-service] [           main] com.netflix.discovery.DiscoveryClient    : Application is null : false
2026-08-10T10:54:55.821-06:00  INFO 8536 --- [cursos-service] [           main] com.netflix.discovery.DiscoveryClient    : Registered Applications size is zero : true
2026-08-10T10:54:55.821-06:00  INFO 8536 --- [cursos-service] [           main] com.netflix.discovery.DiscoveryClient    : Application version is -1: true
2026-08-10T10:54:55.821-06:00  INFO 8536 --- [cursos-service] [           main] com.netflix.discovery.DiscoveryClient    : Getting all instance registry info from the eureka server
2026-08-10T10:54:56.180-06:00  INFO 8536 --- [cursos-service] [           main] com.netflix.discovery.DiscoveryClient    : The response status is 200
2026-08-10T10:54:56.184-06:00  INFO 8536 --- [cursos-service] [           main] com.netflix.discovery.DiscoveryClient    : Starting heartbeat executor: renew interval is: 30
2026-08-10T10:54:56.186-06:00  INFO 8536 --- [cursos-service] [           main] c.n.discovery.InstanceInfoReplicator     : InstanceInfoReplicator onDemand update allowed rate per min is 4
2026-08-10T10:54:56.188-06:00  INFO 8536 --- [cursos-service] [           main] com.netflix.discovery.DiscoveryClient    : Discovery Client initialized at timestamp 1786380896187 with initial instances count: 5
2026-08-10T10:54:56.192-06:00  INFO 8536 --- [cursos-service] [           main] o.s.c.n.e.s.EurekaServiceRegistry        : Registering application CURSOS-SERVICE with eureka with status UP
2026-08-10T10:54:56.192-06:00  INFO 8536 --- [cursos-service] [           main] com.netflix.discovery.DiscoveryClient    : Saw local status change event StatusChangeEvent [timestamp=1786380896192, current=UP, previous=STARTING]
2026-08-10T10:54:56.196-06:00  INFO 8536 --- [cursos-service] [foReplicator-%d] com.netflix.discovery.DiscoveryClient    : DiscoveryClient_CURSOS-SERVICE/PC-Sergio.mshome.net:cursos-service:8082: registering service...
2026-08-10T10:54:56.206-06:00  INFO 8536 --- [cursos-service] [           main] o.s.c.n.e.s.EurekaServiceRegistry        : Unregistering application CURSOS-SERVICE with eureka with status DOWN
2026-08-10T10:54:56.206-06:00  INFO 8536 --- [cursos-service] [           main] com.netflix.discovery.DiscoveryClient    : Saw local status change event StatusChangeEvent [timestamp=1786380896206, current=DOWN, previous=UP]
2026-08-10T10:54:56.207-06:00  WARN 8536 --- [cursos-service] [           main] ConfigServletWebServerApplicationContext : Exception encountered during context initialization - cancelling refresh attempt: org.springframework.context.ApplicationContextException: Failed to start bean 'webServerStartStop'
2026-08-10T10:54:56.219-06:00  INFO 8536 --- [cursos-service] [           main] j.LocalContainerEntityManagerFactoryBean : Closing JPA EntityManagerFactory for persistence unit 'default'
2026-08-10T10:54:56.228-06:00  INFO 8536 --- [cursos-service] [           main] com.zaxxer.hikari.HikariDataSource       : HikariPool-1 - Shutdown initiated...
2026-08-10T10:54:56.328-06:00  INFO 8536 --- [cursos-service] [           main] com.zaxxer.hikari.HikariDataSource       : HikariPool-1 - Shutdown completed.
2026-08-10T10:54:56.329-06:00  INFO 8536 --- [cursos-service] [           main] com.netflix.discovery.DiscoveryClient    : Shutting down DiscoveryClient ...
2026-08-10T10:54:56.430-06:00  INFO 8536 --- [cursos-service] [foReplicator-%d] com.netflix.discovery.DiscoveryClient    : DiscoveryClient_CURSOS-SERVICE/PC-Sergio.mshome.net:cursos-service:8082 - registration status: 204
2026-08-10T10:54:56.431-06:00  INFO 8536 --- [cursos-service] [foReplicator-%d] com.netflix.discovery.DiscoveryClient    : DiscoveryClient_CURSOS-SERVICE/PC-Sergio.mshome.net:cursos-service:8082: registering service...
2026-08-10T10:54:56.637-06:00  INFO 8536 --- [cursos-service] [foReplicator-%d] com.netflix.discovery.DiscoveryClient    : DiscoveryClient_CURSOS-SERVICE/PC-Sergio.mshome.net:cursos-service:8082 - registration status: 204
2026-08-10T10:54:56.637-06:00  INFO 8536 --- [cursos-service] [           main] com.netflix.discovery.DiscoveryClient    : Unregistering ...
2026-08-10T10:54:56.644-06:00  INFO 8536 --- [cursos-service] [           main] com.netflix.discovery.DiscoveryClient    : DiscoveryClient_CURSOS-SERVICE/PC-Sergio.mshome.net:cursos-service:8082 - deregister  status: 200
2026-08-10T10:54:56.644-06:00  INFO 8536 --- [cursos-service] [           main] com.netflix.discovery.DiscoveryClient    : Completed shut down of DiscoveryClient
2026-08-10T10:54:56.670-06:00  INFO 8536 --- [cursos-service] [           main] .s.b.a.l.ConditionEvaluationReportLogger : 

Error starting ApplicationContext. To display the condition evaluation report re-run your application with 'debug' enabled.
2026-08-10T10:54:56.972-06:00 ERROR 8536 --- [cursos-service] [           main] o.s.b.d.LoggingFailureAnalysisReporter   : 

***************************
APPLICATION FAILED TO START
***************************

Description:

Web server failed to start. Port 8082 was already in use.

Action:

Identify and stop the process that's listening on port 8082 or configure this application to listen on another port.

