
  .   ____          _            __ _ _
 /\\ / ___'_ __ _ _(_)_ __  __ _ \ \ \ \
( ( )\___ | '_ | '_| | '_ \/ _` | \ \ \ \
 \\/  ___)| |_)| | | | | || (_| |  ) ) ) )
  '  |____| .__|_| |_|_| |_\__, | / / / /
 =========|_|==============|___/=/_/_/_/

 :: Spring Boot ::                (v3.4.1)

2026-08-10T10:51:58.913-06:00  INFO 14524 --- [cursos-service] [           main] c.l.cursos.CursosServiceApplication      : Starting CursosServiceApplication v1.0.0-SNAPSHOT using Java 22.0.2 with PID 14524 (C:\DDI\luxray\backend\cursos-service\target\cursos-service-1.0.0-SNAPSHOT.jar started by sergi in C:\DDI\luxray)
2026-08-10T10:51:58.922-06:00  INFO 14524 --- [cursos-service] [           main] c.l.cursos.CursosServiceApplication      : No active profile set, falling back to 1 default profile: "default"
2026-08-10T10:52:02.010-06:00  INFO 14524 --- [cursos-service] [           main] .s.d.r.c.RepositoryConfigurationDelegate : Bootstrapping Spring Data JPA repositories in DEFAULT mode.
2026-08-10T10:52:02.376-06:00  INFO 14524 --- [cursos-service] [           main] .s.d.r.c.RepositoryConfigurationDelegate : Finished Spring Data repository scanning in 346 ms. Found 4 JPA repository interfaces.
2026-08-10T10:52:02.998-06:00  INFO 14524 --- [cursos-service] [           main] o.s.cloud.context.scope.GenericScope     : BeanFactory id=7cc03bd4-c424-329f-94ef-3fed31191c80
2026-08-10T10:52:04.841-06:00  INFO 14524 --- [cursos-service] [           main] o.s.b.w.embedded.tomcat.TomcatWebServer  : Tomcat initialized with port 8082 (http)
2026-08-10T10:52:04.882-06:00  INFO 14524 --- [cursos-service] [           main] o.apache.catalina.core.StandardService   : Starting service [Tomcat]
2026-08-10T10:52:04.883-06:00  INFO 14524 --- [cursos-service] [           main] o.apache.catalina.core.StandardEngine    : Starting Servlet engine: [Apache Tomcat/10.1.34]
2026-08-10T10:52:04.988-06:00  INFO 14524 --- [cursos-service] [           main] o.a.c.c.C.[Tomcat].[localhost].[/]       : Initializing Spring embedded WebApplicationContext
2026-08-10T10:52:04.991-06:00  INFO 14524 --- [cursos-service] [           main] w.s.c.ServletWebServerApplicationContext : Root WebApplicationContext: initialization completed in 5951 ms
2026-08-10T10:52:06.461-06:00  INFO 14524 --- [cursos-service] [           main] com.zaxxer.hikari.HikariDataSource       : HikariPool-1 - Starting...
2026-08-10T10:52:06.990-06:00  INFO 14524 --- [cursos-service] [           main] com.zaxxer.hikari.pool.HikariPool        : HikariPool-1 - Added connection org.postgresql.jdbc.PgConnection@4fef5792
2026-08-10T10:52:06.994-06:00  INFO 14524 --- [cursos-service] [           main] com.zaxxer.hikari.HikariDataSource       : HikariPool-1 - Start completed.
2026-08-10T10:52:07.074-06:00  INFO 14524 --- [cursos-service] [           main] org.flywaydb.core.FlywayExecutor         : Database: jdbc:postgresql://localhost:5432/cursos_db (PostgreSQL 16.14)
2026-08-10T10:52:07.274-06:00  INFO 14524 --- [cursos-service] [           main] o.f.core.internal.command.DbValidate     : Successfully validated 10 migrations (execution time 00:00.097s)
2026-08-10T10:52:07.328-06:00  INFO 14524 --- [cursos-service] [           main] o.f.core.internal.command.DbMigrate      : Current version of schema "public": 10
2026-08-10T10:52:07.337-06:00  INFO 14524 --- [cursos-service] [           main] o.f.core.internal.command.DbMigrate      : Schema "public" is up to date. No migration necessary.
2026-08-10T10:52:07.591-06:00  INFO 14524 --- [cursos-service] [           main] o.hibernate.jpa.internal.util.LogHelper  : HHH000204: Processing PersistenceUnitInfo [name: default]
2026-08-10T10:52:07.771-06:00  INFO 14524 --- [cursos-service] [           main] org.hibernate.Version                    : HHH000412: Hibernate ORM core version 6.6.4.Final
2026-08-10T10:52:07.843-06:00  INFO 14524 --- [cursos-service] [           main] o.h.c.internal.RegionFactoryInitiator    : HHH000026: Second-level cache disabled
2026-08-10T10:52:08.420-06:00  INFO 14524 --- [cursos-service] [           main] o.s.o.j.p.SpringPersistenceUnitInfo      : No LoadTimeWeaver setup: ignoring JPA class transformer
2026-08-10T10:52:08.524-06:00  WARN 14524 --- [cursos-service] [           main] org.hibernate.orm.deprecation            : HHH90000025: PostgreSQLDialect does not need to be specified explicitly using 'hibernate.dialect' (remove the property setting and it will be selected by default)
2026-08-10T10:52:08.555-06:00  INFO 14524 --- [cursos-service] [           main] org.hibernate.orm.connections.pooling    : HHH10001005: Database info:
	Database JDBC URL [Connecting through datasource 'HikariDataSource (HikariPool-1)']
	Database driver: undefined/unknown
	Database version: 16.14
	Autocommit mode: undefined/unknown
	Isolation level: undefined/unknown
	Minimum pool size: undefined/unknown
	Maximum pool size: undefined/unknown
2026-08-10T10:52:09.717-06:00  INFO 14524 --- [cursos-service] [           main] o.h.e.t.j.p.i.JtaPlatformInitiator       : HHH000489: No JTA platform available (set 'hibernate.transaction.jta.platform' to enable JTA platform integration)
2026-08-10T10:52:09.795-06:00  INFO 14524 --- [cursos-service] [           main] j.LocalContainerEntityManagerFactoryBean : Initialized JPA EntityManagerFactory for persistence unit 'default'
2026-08-10T10:52:10.396-06:00  INFO 14524 --- [cursos-service] [           main] o.s.d.j.r.query.QueryEnhancerFactory     : Hibernate is in classpath; If applicable, HQL parser will be used.
2026-08-10T10:52:13.558-06:00  WARN 14524 --- [cursos-service] [           main] .s.s.UserDetailsServiceAutoConfiguration : 

Using generated security password: 581460fc-6941-4c9c-a755-b5fe9e4feb79

This generated password is for development use only. Your security configuration must be updated before running your application in production.

2026-08-10T10:52:13.633-06:00  INFO 14524 --- [cursos-service] [           main] r$InitializeUserDetailsManagerConfigurer : Global AuthenticationManager configured with UserDetailsService bean with name inMemoryUserDetailsManager
2026-08-10T10:52:15.505-06:00  INFO 14524 --- [cursos-service] [           main] o.s.b.a.e.web.EndpointLinksResolver      : Exposing 2 endpoints beneath base path '/actuator'
2026-08-10T10:52:17.474-06:00  INFO 14524 --- [cursos-service] [           main] DiscoveryClientOptionalArgsConfiguration : Eureka HTTP Client uses RestTemplate.
2026-08-10T10:52:17.666-06:00  WARN 14524 --- [cursos-service] [           main] iguration$LoadBalancerCaffeineWarnLogger : Spring Cloud LoadBalancer is currently working with the default cache. While this cache implementation is useful for development and tests, it's recommended to use Caffeine cache in production.You can switch to using Caffeine cache, by adding it and org.springframework.cache.caffeine.CaffeineCacheManager to the classpath.
2026-08-10T10:52:17.840-06:00  INFO 14524 --- [cursos-service] [           main] o.s.c.n.eureka.InstanceInfoFactory       : Setting initial instance status as: STARTING
2026-08-10T10:52:17.936-06:00  INFO 14524 --- [cursos-service] [           main] com.netflix.discovery.DiscoveryClient    : Initializing Eureka in region us-east-1
2026-08-10T10:52:17.950-06:00  INFO 14524 --- [cursos-service] [           main] c.n.d.s.r.aws.ConfigClusterResolver      : Resolving eureka endpoints via configuration
2026-08-10T10:52:17.986-06:00  INFO 14524 --- [cursos-service] [           main] com.netflix.discovery.DiscoveryClient    : Disable delta property : false
2026-08-10T10:52:17.986-06:00  INFO 14524 --- [cursos-service] [           main] com.netflix.discovery.DiscoveryClient    : Single vip registry refresh property : null
2026-08-10T10:52:17.986-06:00  INFO 14524 --- [cursos-service] [           main] com.netflix.discovery.DiscoveryClient    : Force full registry fetch : false
2026-08-10T10:52:17.986-06:00  INFO 14524 --- [cursos-service] [           main] com.netflix.discovery.DiscoveryClient    : Application is null : false
2026-08-10T10:52:17.987-06:00  INFO 14524 --- [cursos-service] [           main] com.netflix.discovery.DiscoveryClient    : Registered Applications size is zero : true
2026-08-10T10:52:17.987-06:00  INFO 14524 --- [cursos-service] [           main] com.netflix.discovery.DiscoveryClient    : Application version is -1: true
2026-08-10T10:52:17.987-06:00  INFO 14524 --- [cursos-service] [           main] com.netflix.discovery.DiscoveryClient    : Getting all instance registry info from the eureka server
2026-08-10T10:52:18.830-06:00  INFO 14524 --- [cursos-service] [           main] com.netflix.discovery.DiscoveryClient    : The response status is 200
2026-08-10T10:52:18.832-06:00  INFO 14524 --- [cursos-service] [           main] com.netflix.discovery.DiscoveryClient    : Starting heartbeat executor: renew interval is: 30
2026-08-10T10:52:18.836-06:00  INFO 14524 --- [cursos-service] [           main] c.n.discovery.InstanceInfoReplicator     : InstanceInfoReplicator onDemand update allowed rate per min is 4
2026-08-10T10:52:18.839-06:00  INFO 14524 --- [cursos-service] [           main] com.netflix.discovery.DiscoveryClient    : Discovery Client initialized at timestamp 1786380738838 with initial instances count: 3
2026-08-10T10:52:18.847-06:00  INFO 14524 --- [cursos-service] [           main] o.s.c.n.e.s.EurekaServiceRegistry        : Registering application CURSOS-SERVICE with eureka with status UP
2026-08-10T10:52:18.848-06:00  INFO 14524 --- [cursos-service] [           main] com.netflix.discovery.DiscoveryClient    : Saw local status change event StatusChangeEvent [timestamp=1786380738848, current=UP, previous=STARTING]
2026-08-10T10:52:18.852-06:00  INFO 14524 --- [cursos-service] [foReplicator-%d] com.netflix.discovery.DiscoveryClient    : DiscoveryClient_CURSOS-SERVICE/PC-Sergio.mshome.net:cursos-service:8082: registering service...
2026-08-10T10:52:18.888-06:00  INFO 14524 --- [cursos-service] [           main] o.s.b.w.embedded.tomcat.TomcatWebServer  : Tomcat started on port 8082 (http) with context path '/'
2026-08-10T10:52:18.889-06:00  INFO 14524 --- [cursos-service] [           main] .s.c.n.e.s.EurekaAutoServiceRegistration : Updating port to 8082
2026-08-10T10:52:18.912-06:00  INFO 14524 --- [cursos-service] [foReplicator-%d] com.netflix.discovery.DiscoveryClient    : DiscoveryClient_CURSOS-SERVICE/PC-Sergio.mshome.net:cursos-service:8082 - registration status: 204
2026-08-10T10:52:18.918-06:00  INFO 14524 --- [cursos-service] [           main] c.l.cursos.CursosServiceApplication      : Started CursosServiceApplication in 21.034 seconds (process running for 22.111)
2026-08-10T10:55:19.001-06:00  INFO 14524 --- [cursos-service] [beatExecutor-%d] com.netflix.discovery.DiscoveryClient    : DiscoveryClient_CURSOS-SERVICE/PC-Sergio.mshome.net:cursos-service:8082 - Re-registering apps/CURSOS-SERVICE
2026-08-10T10:55:19.001-06:00  INFO 14524 --- [cursos-service] [beatExecutor-%d] com.netflix.discovery.DiscoveryClient    : DiscoveryClient_CURSOS-SERVICE/PC-Sergio.mshome.net:cursos-service:8082: registering service...
2026-08-10T10:55:19.018-06:00  INFO 14524 --- [cursos-service] [beatExecutor-%d] com.netflix.discovery.DiscoveryClient    : DiscoveryClient_CURSOS-SERVICE/PC-Sergio.mshome.net:cursos-service:8082 - registration status: 204
2026-08-10T10:57:18.005-06:00  INFO 14524 --- [cursos-service] [rap-executor-%d] c.n.d.s.r.aws.ConfigClusterResolver      : Resolving eureka endpoints via configuration
2026-08-10T10:58:39.298-06:00  INFO 14524 --- [cursos-service] [nio-8082-exec-6] o.a.c.c.C.[Tomcat].[localhost].[/]       : Initializing Spring DispatcherServlet 'dispatcherServlet'
2026-08-10T10:58:39.299-06:00  INFO 14524 --- [cursos-service] [nio-8082-exec-6] o.s.web.servlet.DispatcherServlet        : Initializing Servlet 'dispatcherServlet'
2026-08-10T10:58:39.304-06:00  INFO 14524 --- [cursos-service] [nio-8082-exec-6] o.s.web.servlet.DispatcherServlet        : Completed initialization in 3 ms
2026-08-10T11:02:18.019-06:00  INFO 14524 --- [cursos-service] [rap-executor-%d] c.n.d.s.r.aws.ConfigClusterResolver      : Resolving eureka endpoints via configuration
2026-08-10T11:07:18.022-06:00  INFO 14524 --- [cursos-service] [rap-executor-%d] c.n.d.s.r.aws.ConfigClusterResolver      : Resolving eureka endpoints via configuration
2026-08-10T11:12:18.027-06:00  INFO 14524 --- [cursos-service] [rap-executor-%d] c.n.d.s.r.aws.ConfigClusterResolver      : Resolving eureka endpoints via configuration
2026-08-10T11:17:18.032-06:00  INFO 14524 --- [cursos-service] [rap-executor-%d] c.n.d.s.r.aws.ConfigClusterResolver      : Resolving eureka endpoints via configuration
2026-08-10T11:22:18.037-06:00  INFO 14524 --- [cursos-service] [rap-executor-%d] c.n.d.s.r.aws.ConfigClusterResolver      : Resolving eureka endpoints via configuration
2026-08-10T11:27:18.043-06:00  INFO 14524 --- [cursos-service] [rap-executor-%d] c.n.d.s.r.aws.ConfigClusterResolver      : Resolving eureka endpoints via configuration
2026-08-10T11:32:18.049-06:00  INFO 14524 --- [cursos-service] [rap-executor-%d] c.n.d.s.r.aws.ConfigClusterResolver      : Resolving eureka endpoints via configuration
2026-08-10T11:37:18.064-06:00  INFO 14524 --- [cursos-service] [rap-executor-%d] c.n.d.s.r.aws.ConfigClusterResolver      : Resolving eureka endpoints via configuration
2026-08-10T11:42:18.074-06:00  INFO 14524 --- [cursos-service] [rap-executor-%d] c.n.d.s.r.aws.ConfigClusterResolver      : Resolving eureka endpoints via configuration
2026-08-10T11:47:18.086-06:00  INFO 14524 --- [cursos-service] [rap-executor-%d] c.n.d.s.r.aws.ConfigClusterResolver      : Resolving eureka endpoints via configuration
2026-08-10T11:52:18.101-06:00  INFO 14524 --- [cursos-service] [rap-executor-%d] c.n.d.s.r.aws.ConfigClusterResolver      : Resolving eureka endpoints via configuration
2026-08-10T11:57:18.113-06:00  INFO 14524 --- [cursos-service] [rap-executor-%d] c.n.d.s.r.aws.ConfigClusterResolver      : Resolving eureka endpoints via configuration
2026-08-10T12:02:18.121-06:00  INFO 14524 --- [cursos-service] [rap-executor-%d] c.n.d.s.r.aws.ConfigClusterResolver      : Resolving eureka endpoints via configuration
2026-08-10T12:07:18.127-06:00  INFO 14524 --- [cursos-service] [rap-executor-%d] c.n.d.s.r.aws.ConfigClusterResolver      : Resolving eureka endpoints via configuration
2026-08-10T12:12:18.139-06:00  INFO 14524 --- [cursos-service] [rap-executor-%d] c.n.d.s.r.aws.ConfigClusterResolver      : Resolving eureka endpoints via configuration
2026-08-10T12:17:18.144-06:00  INFO 14524 --- [cursos-service] [rap-executor-%d] c.n.d.s.r.aws.ConfigClusterResolver      : Resolving eureka endpoints via configuration
