
  .   ____          _            __ _ _
 /\\ / ___'_ __ _ _(_)_ __  __ _ \ \ \ \
( ( )\___ | '_ | '_| | '_ \/ _` | \ \ \ \
 \\/  ___)| |_)| | | | | || (_| |  ) ) ) )
  '  |____| .__|_| |_|_| |_\__, | / / / /
 =========|_|==============|___/=/_/_/_/

 :: Spring Boot ::                (v3.4.1)

2026-08-03T15:57:51.196-06:00  INFO 26196 --- [cursos-service] [           main] c.l.cursos.CursosServiceApplication      : Starting CursosServiceApplication v1.0.0-SNAPSHOT using Java 22.0.2 with PID 26196 (C:\DDI\luxray\backend\cursos-service\target\cursos-service-1.0.0-SNAPSHOT.jar started by sergi in C:\DDI\luxray)
2026-08-03T15:57:51.206-06:00  INFO 26196 --- [cursos-service] [           main] c.l.cursos.CursosServiceApplication      : No active profile set, falling back to 1 default profile: "default"
2026-08-03T15:58:29.272-06:00  INFO 26196 --- [cursos-service] [           main] .s.d.r.c.RepositoryConfigurationDelegate : Bootstrapping Spring Data JPA repositories in DEFAULT mode.
2026-08-03T15:58:30.935-06:00  INFO 26196 --- [cursos-service] [           main] .s.d.r.c.RepositoryConfigurationDelegate : Finished Spring Data repository scanning in 1624 ms. Found 4 JPA repository interfaces.
2026-08-03T15:58:33.798-06:00  INFO 26196 --- [cursos-service] [           main] o.s.cloud.context.scope.GenericScope     : BeanFactory id=f36f75de-6afc-373a-af8b-d2449db758ab
2026-08-03T15:58:40.342-06:00  INFO 26196 --- [cursos-service] [           main] o.s.b.w.embedded.tomcat.TomcatWebServer  : Tomcat initialized with port 8082 (http)
2026-08-03T15:58:40.426-06:00  INFO 26196 --- [cursos-service] [           main] o.apache.catalina.core.StandardService   : Starting service [Tomcat]
2026-08-03T15:58:40.427-06:00  INFO 26196 --- [cursos-service] [           main] o.apache.catalina.core.StandardEngine    : Starting Servlet engine: [Apache Tomcat/10.1.34]
2026-08-03T15:58:40.622-06:00  INFO 26196 --- [cursos-service] [           main] o.a.c.c.C.[Tomcat].[localhost].[/]       : Initializing Spring embedded WebApplicationContext
2026-08-03T15:58:40.631-06:00  INFO 26196 --- [cursos-service] [           main] w.s.c.ServletWebServerApplicationContext : Root WebApplicationContext: initialization completed in 48894 ms
2026-08-03T15:58:43.930-06:00  INFO 26196 --- [cursos-service] [           main] com.zaxxer.hikari.HikariDataSource       : HikariPool-1 - Starting...
2026-08-03T15:58:44.940-06:00  INFO 26196 --- [cursos-service] [           main] com.zaxxer.hikari.pool.HikariPool        : HikariPool-1 - Added connection org.postgresql.jdbc.PgConnection@37c74e4e
2026-08-03T15:58:44.949-06:00  INFO 26196 --- [cursos-service] [           main] com.zaxxer.hikari.HikariDataSource       : HikariPool-1 - Start completed.
2026-08-03T15:58:45.068-06:00  INFO 26196 --- [cursos-service] [           main] org.flywaydb.core.FlywayExecutor         : Database: jdbc:postgresql://localhost:5432/cursos_db (PostgreSQL 16.14)
2026-08-03T15:58:45.569-06:00  INFO 26196 --- [cursos-service] [           main] o.f.core.internal.command.DbValidate     : Successfully validated 3 migrations (execution time 00:00.207s)
2026-08-03T15:58:45.789-06:00  INFO 26196 --- [cursos-service] [           main] o.f.core.internal.command.DbMigrate      : Current version of schema "public": 3
2026-08-03T15:58:45.809-06:00  INFO 26196 --- [cursos-service] [           main] o.f.core.internal.command.DbMigrate      : Schema "public" is up to date. No migration necessary.
2026-08-03T15:58:46.331-06:00  INFO 26196 --- [cursos-service] [           main] o.hibernate.jpa.internal.util.LogHelper  : HHH000204: Processing PersistenceUnitInfo [name: default]
2026-08-03T15:58:46.701-06:00  INFO 26196 --- [cursos-service] [           main] org.hibernate.Version                    : HHH000412: Hibernate ORM core version 6.6.4.Final
2026-08-03T15:58:46.880-06:00  INFO 26196 --- [cursos-service] [           main] o.h.c.internal.RegionFactoryInitiator    : HHH000026: Second-level cache disabled
2026-08-03T15:58:48.321-06:00  INFO 26196 --- [cursos-service] [           main] o.s.o.j.p.SpringPersistenceUnitInfo      : No LoadTimeWeaver setup: ignoring JPA class transformer
2026-08-03T15:58:48.575-06:00  WARN 26196 --- [cursos-service] [           main] org.hibernate.orm.deprecation            : HHH90000025: PostgreSQLDialect does not need to be specified explicitly using 'hibernate.dialect' (remove the property setting and it will be selected by default)
2026-08-03T15:58:48.631-06:00  INFO 26196 --- [cursos-service] [           main] org.hibernate.orm.connections.pooling    : HHH10001005: Database info:
	Database JDBC URL [Connecting through datasource 'HikariDataSource (HikariPool-1)']
	Database driver: undefined/unknown
	Database version: 16.14
	Autocommit mode: undefined/unknown
	Isolation level: undefined/unknown
	Minimum pool size: undefined/unknown
	Maximum pool size: undefined/unknown
2026-08-03T15:58:55.916-06:00  INFO 26196 --- [cursos-service] [           main] o.h.e.t.j.p.i.JtaPlatformInitiator       : HHH000489: No JTA platform available (set 'hibernate.transaction.jta.platform' to enable JTA platform integration)
2026-08-03T15:58:56.835-06:00  INFO 26196 --- [cursos-service] [           main] j.LocalContainerEntityManagerFactoryBean : Initialized JPA EntityManagerFactory for persistence unit 'default'
2026-08-03T15:58:58.022-06:00  INFO 26196 --- [cursos-service] [           main] o.s.d.j.r.query.QueryEnhancerFactory     : Hibernate is in classpath; If applicable, HQL parser will be used.
2026-08-03T15:59:02.981-06:00  WARN 26196 --- [cursos-service] [           main] .s.s.UserDetailsServiceAutoConfiguration : 

Using generated security password: 15c73901-9b1c-4b4c-9c73-f2b1b6d9e41b

This generated password is for development use only. Your security configuration must be updated before running your application in production.

2026-08-03T15:59:03.051-06:00  INFO 26196 --- [cursos-service] [           main] r$InitializeUserDetailsManagerConfigurer : Global AuthenticationManager configured with UserDetailsService bean with name inMemoryUserDetailsManager
2026-08-03T15:59:05.477-06:00  INFO 26196 --- [cursos-service] [           main] o.s.b.a.e.web.EndpointLinksResolver      : Exposing 2 endpoints beneath base path '/actuator'
2026-08-03T15:59:07.665-06:00  INFO 26196 --- [cursos-service] [           main] DiscoveryClientOptionalArgsConfiguration : Eureka HTTP Client uses RestTemplate.
2026-08-03T15:59:07.946-06:00  WARN 26196 --- [cursos-service] [           main] iguration$LoadBalancerCaffeineWarnLogger : Spring Cloud LoadBalancer is currently working with the default cache. While this cache implementation is useful for development and tests, it's recommended to use Caffeine cache in production.You can switch to using Caffeine cache, by adding it and org.springframework.cache.caffeine.CaffeineCacheManager to the classpath.
2026-08-03T15:59:08.139-06:00  INFO 26196 --- [cursos-service] [           main] o.s.c.n.eureka.InstanceInfoFactory       : Setting initial instance status as: STARTING
2026-08-03T15:59:08.283-06:00  INFO 26196 --- [cursos-service] [           main] com.netflix.discovery.DiscoveryClient    : Initializing Eureka in region us-east-1
2026-08-03T15:59:08.321-06:00  INFO 26196 --- [cursos-service] [           main] c.n.d.s.r.aws.ConfigClusterResolver      : Resolving eureka endpoints via configuration
2026-08-03T15:59:08.351-06:00  INFO 26196 --- [cursos-service] [           main] com.netflix.discovery.DiscoveryClient    : Disable delta property : false
2026-08-03T15:59:08.352-06:00  INFO 26196 --- [cursos-service] [           main] com.netflix.discovery.DiscoveryClient    : Single vip registry refresh property : null
2026-08-03T15:59:08.353-06:00  INFO 26196 --- [cursos-service] [           main] com.netflix.discovery.DiscoveryClient    : Force full registry fetch : false
2026-08-03T15:59:08.354-06:00  INFO 26196 --- [cursos-service] [           main] com.netflix.discovery.DiscoveryClient    : Application is null : false
2026-08-03T15:59:08.416-06:00  INFO 26196 --- [cursos-service] [           main] com.netflix.discovery.DiscoveryClient    : Registered Applications size is zero : true
2026-08-03T15:59:08.418-06:00  INFO 26196 --- [cursos-service] [           main] com.netflix.discovery.DiscoveryClient    : Application version is -1: true
2026-08-03T15:59:08.419-06:00  INFO 26196 --- [cursos-service] [           main] com.netflix.discovery.DiscoveryClient    : Getting all instance registry info from the eureka server
2026-08-03T15:59:09.409-06:00  INFO 26196 --- [cursos-service] [           main] com.netflix.discovery.DiscoveryClient    : The response status is 200
2026-08-03T15:59:09.412-06:00  INFO 26196 --- [cursos-service] [           main] com.netflix.discovery.DiscoveryClient    : Starting heartbeat executor: renew interval is: 30
2026-08-03T15:59:09.477-06:00  INFO 26196 --- [cursos-service] [           main] c.n.discovery.InstanceInfoReplicator     : InstanceInfoReplicator onDemand update allowed rate per min is 4
2026-08-03T15:59:09.481-06:00  INFO 26196 --- [cursos-service] [           main] com.netflix.discovery.DiscoveryClient    : Discovery Client initialized at timestamp 1785794349480 with initial instances count: 0
2026-08-03T15:59:09.497-06:00  INFO 26196 --- [cursos-service] [           main] o.s.c.n.e.s.EurekaServiceRegistry        : Registering application CURSOS-SERVICE with eureka with status UP
2026-08-03T15:59:09.499-06:00  INFO 26196 --- [cursos-service] [           main] com.netflix.discovery.DiscoveryClient    : Saw local status change event StatusChangeEvent [timestamp=1785794349499, current=UP, previous=STARTING]
2026-08-03T15:59:09.509-06:00  INFO 26196 --- [cursos-service] [foReplicator-%d] com.netflix.discovery.DiscoveryClient    : DiscoveryClient_CURSOS-SERVICE/PC-Sergio.mshome.net:cursos-service:8082: registering service...
2026-08-03T15:59:09.549-06:00  INFO 26196 --- [cursos-service] [           main] o.s.b.w.embedded.tomcat.TomcatWebServer  : Tomcat started on port 8082 (http) with context path '/'
2026-08-03T15:59:09.551-06:00  INFO 26196 --- [cursos-service] [           main] .s.c.n.e.s.EurekaAutoServiceRegistration : Updating port to 8082
2026-08-03T15:59:09.588-06:00  INFO 26196 --- [cursos-service] [           main] c.l.cursos.CursosServiceApplication      : Started CursosServiceApplication in 83.37 seconds (process running for 87.286)
2026-08-03T15:59:09.595-06:00  INFO 26196 --- [cursos-service] [foReplicator-%d] com.netflix.discovery.DiscoveryClient    : DiscoveryClient_CURSOS-SERVICE/PC-Sergio.mshome.net:cursos-service:8082 - registration status: 204
2026-08-03T15:59:39.428-06:00  INFO 26196 --- [cursos-service] [reshExecutor-%d] com.netflix.discovery.DiscoveryClient    : Disable delta property : false
2026-08-03T15:59:39.429-06:00  INFO 26196 --- [cursos-service] [reshExecutor-%d] com.netflix.discovery.DiscoveryClient    : Single vip registry refresh property : null
2026-08-03T15:59:39.430-06:00  INFO 26196 --- [cursos-service] [reshExecutor-%d] com.netflix.discovery.DiscoveryClient    : Force full registry fetch : false
2026-08-03T15:59:39.431-06:00  INFO 26196 --- [cursos-service] [reshExecutor-%d] com.netflix.discovery.DiscoveryClient    : Application is null : false
2026-08-03T15:59:39.431-06:00  INFO 26196 --- [cursos-service] [reshExecutor-%d] com.netflix.discovery.DiscoveryClient    : Registered Applications size is zero : true
2026-08-03T15:59:39.432-06:00  INFO 26196 --- [cursos-service] [reshExecutor-%d] com.netflix.discovery.DiscoveryClient    : Application version is -1: false
2026-08-03T15:59:39.432-06:00  INFO 26196 --- [cursos-service] [reshExecutor-%d] com.netflix.discovery.DiscoveryClient    : Getting all instance registry info from the eureka server
2026-08-03T15:59:39.471-06:00  INFO 26196 --- [cursos-service] [reshExecutor-%d] com.netflix.discovery.DiscoveryClient    : The response status is 200
2026-08-03T16:02:09.675-06:00  INFO 26196 --- [cursos-service] [beatExecutor-%d] com.netflix.discovery.DiscoveryClient    : DiscoveryClient_CURSOS-SERVICE/PC-Sergio.mshome.net:cursos-service:8082 - Re-registering apps/CURSOS-SERVICE
2026-08-03T16:02:09.676-06:00  INFO 26196 --- [cursos-service] [beatExecutor-%d] com.netflix.discovery.DiscoveryClient    : DiscoveryClient_CURSOS-SERVICE/PC-Sergio.mshome.net:cursos-service:8082: registering service...
2026-08-03T16:02:09.685-06:00  INFO 26196 --- [cursos-service] [beatExecutor-%d] com.netflix.discovery.DiscoveryClient    : DiscoveryClient_CURSOS-SERVICE/PC-Sergio.mshome.net:cursos-service:8082 - registration status: 204
2026-08-03T16:02:39.747-06:00  INFO 26196 --- [cursos-service] [reshExecutor-%d] com.netflix.discovery.DiscoveryClient    : Disable delta property : false
2026-08-03T16:02:39.752-06:00  INFO 26196 --- [cursos-service] [reshExecutor-%d] com.netflix.discovery.DiscoveryClient    : Single vip registry refresh property : null
2026-08-03T16:02:39.753-06:00  INFO 26196 --- [cursos-service] [reshExecutor-%d] com.netflix.discovery.DiscoveryClient    : Force full registry fetch : false
2026-08-03T16:02:39.753-06:00  INFO 26196 --- [cursos-service] [reshExecutor-%d] com.netflix.discovery.DiscoveryClient    : Application is null : false
2026-08-03T16:02:39.754-06:00  INFO 26196 --- [cursos-service] [reshExecutor-%d] com.netflix.discovery.DiscoveryClient    : Registered Applications size is zero : true
2026-08-03T16:02:39.755-06:00  INFO 26196 --- [cursos-service] [reshExecutor-%d] com.netflix.discovery.DiscoveryClient    : Application version is -1: false
2026-08-03T16:02:39.755-06:00  INFO 26196 --- [cursos-service] [reshExecutor-%d] com.netflix.discovery.DiscoveryClient    : Getting all instance registry info from the eureka server
2026-08-03T16:02:39.769-06:00  INFO 26196 --- [cursos-service] [reshExecutor-%d] com.netflix.discovery.DiscoveryClient    : The response status is 200
2026-08-03T16:04:08.433-06:00  INFO 26196 --- [cursos-service] [rap-executor-%d] c.n.d.s.r.aws.ConfigClusterResolver      : Resolving eureka endpoints via configuration
2026-08-03T16:09:08.449-06:00  INFO 26196 --- [cursos-service] [rap-executor-%d] c.n.d.s.r.aws.ConfigClusterResolver      : Resolving eureka endpoints via configuration
2026-08-03T16:09:15.312-06:00  INFO 26196 --- [cursos-service] [nio-8082-exec-3] o.a.c.c.C.[Tomcat].[localhost].[/]       : Initializing Spring DispatcherServlet 'dispatcherServlet'
2026-08-03T16:09:15.313-06:00  INFO 26196 --- [cursos-service] [nio-8082-exec-3] o.s.web.servlet.DispatcherServlet        : Initializing Servlet 'dispatcherServlet'
2026-08-03T16:09:15.316-06:00  INFO 26196 --- [cursos-service] [nio-8082-exec-3] o.s.web.servlet.DispatcherServlet        : Completed initialization in 2 ms
2026-08-03T16:12:40.320-06:00  INFO 26196 --- [cursos-service] [beatExecutor-%d] com.netflix.discovery.DiscoveryClient    : DiscoveryClient_CURSOS-SERVICE/PC-Sergio.mshome.net:cursos-service:8082 - Re-registering apps/CURSOS-SERVICE
2026-08-03T16:12:40.322-06:00  INFO 26196 --- [cursos-service] [beatExecutor-%d] com.netflix.discovery.DiscoveryClient    : DiscoveryClient_CURSOS-SERVICE/PC-Sergio.mshome.net:cursos-service:8082: registering service...
2026-08-03T16:12:40.334-06:00  INFO 26196 --- [cursos-service] [beatExecutor-%d] com.netflix.discovery.DiscoveryClient    : DiscoveryClient_CURSOS-SERVICE/PC-Sergio.mshome.net:cursos-service:8082 - registration status: 204
2026-08-03T16:13:15.947-06:00  WARN 26196 --- [cursos-service] [nio-8082-exec-9] com.zaxxer.hikari.pool.PoolBase          : HikariPool-1 - Failed to validate connection org.postgresql.jdbc.PgConnection@37c74e4e (This connection has been closed.). Possibly consider using a shorter maxLifetime value.
2026-08-03T16:13:15.949-06:00  WARN 26196 --- [cursos-service] [nio-8082-exec-9] com.zaxxer.hikari.pool.PoolBase          : HikariPool-1 - Failed to validate connection org.postgresql.jdbc.PgConnection@3d79a53d (This connection has been closed.). Possibly consider using a shorter maxLifetime value.
2026-08-03T16:13:15.950-06:00  WARN 26196 --- [cursos-service] [nio-8082-exec-9] com.zaxxer.hikari.pool.PoolBase          : HikariPool-1 - Failed to validate connection org.postgresql.jdbc.PgConnection@492ebf51 (This connection has been closed.). Possibly consider using a shorter maxLifetime value.
2026-08-03T16:13:15.950-06:00  WARN 26196 --- [cursos-service] [nio-8082-exec-9] com.zaxxer.hikari.pool.PoolBase          : HikariPool-1 - Failed to validate connection org.postgresql.jdbc.PgConnection@14b2541b (This connection has been closed.). Possibly consider using a shorter maxLifetime value.
2026-08-03T16:13:15.954-06:00  WARN 26196 --- [cursos-service] [nio-8082-exec-9] com.zaxxer.hikari.pool.PoolBase          : HikariPool-1 - Failed to validate connection org.postgresql.jdbc.PgConnection@6222ba9 (This connection has been closed.). Possibly consider using a shorter maxLifetime value.
2026-08-03T16:13:15.957-06:00  WARN 26196 --- [cursos-service] [nio-8082-exec-9] com.zaxxer.hikari.pool.PoolBase          : HikariPool-1 - Failed to validate connection org.postgresql.jdbc.PgConnection@7682261d (This connection has been closed.). Possibly consider using a shorter maxLifetime value.
2026-08-03T16:13:15.958-06:00  WARN 26196 --- [cursos-service] [nio-8082-exec-9] com.zaxxer.hikari.pool.PoolBase          : HikariPool-1 - Failed to validate connection org.postgresql.jdbc.PgConnection@4aeacbab (This connection has been closed.). Possibly consider using a shorter maxLifetime value.
2026-08-03T16:13:15.960-06:00  WARN 26196 --- [cursos-service] [nio-8082-exec-9] com.zaxxer.hikari.pool.PoolBase          : HikariPool-1 - Failed to validate connection org.postgresql.jdbc.PgConnection@4c7e4c61 (This connection has been closed.). Possibly consider using a shorter maxLifetime value.
2026-08-03T16:13:15.961-06:00  WARN 26196 --- [cursos-service] [nio-8082-exec-9] com.zaxxer.hikari.pool.PoolBase          : HikariPool-1 - Failed to validate connection org.postgresql.jdbc.PgConnection@5b965924 (This connection has been closed.). Possibly consider using a shorter maxLifetime value.
2026-08-03T16:13:15.962-06:00  WARN 26196 --- [cursos-service] [nio-8082-exec-9] com.zaxxer.hikari.pool.PoolBase          : HikariPool-1 - Failed to validate connection org.postgresql.jdbc.PgConnection@3c433e85 (This connection has been closed.). Possibly consider using a shorter maxLifetime value.
2026-08-03T16:14:08.463-06:00  INFO 26196 --- [cursos-service] [rap-executor-%d] c.n.d.s.r.aws.ConfigClusterResolver      : Resolving eureka endpoints via configuration
