
  .   ____          _            __ _ _
 /\\ / ___'_ __ _ _(_)_ __  __ _ \ \ \ \
( ( )\___ | '_ | '_| | '_ \/ _` | \ \ \ \
 \\/  ___)| |_)| | | | | || (_| |  ) ) ) )
  '  |____| .__|_| |_|_| |_\__, | / / / /
 =========|_|==============|___/=/_/_/_/

 :: Spring Boot ::                (v3.4.1)

2026-08-10T10:21:37.051-06:00  INFO 21464 --- [search-service] [           main] c.l.search.SearchServiceApplication      : Starting SearchServiceApplication v1.0.0-SNAPSHOT using Java 22.0.2 with PID 21464 (C:\DDI\luxray\backend\search-service\target\search-service-1.0.0-SNAPSHOT.jar started by sergi in C:\DDI\luxray)
2026-08-10T10:21:37.059-06:00  INFO 21464 --- [search-service] [           main] c.l.search.SearchServiceApplication      : No active profile set, falling back to 1 default profile: "default"
2026-08-10T10:21:38.859-06:00  INFO 21464 --- [search-service] [           main] .s.d.r.c.RepositoryConfigurationDelegate : Bootstrapping Spring Data Elasticsearch repositories in DEFAULT mode.
2026-08-10T10:21:39.012-06:00  INFO 21464 --- [search-service] [           main] .s.d.r.c.RepositoryConfigurationDelegate : Finished Spring Data repository scanning in 144 ms. Found 4 Elasticsearch repository interfaces.
2026-08-10T10:21:39.017-06:00  INFO 21464 --- [search-service] [           main] .s.d.r.c.RepositoryConfigurationDelegate : Bootstrapping Spring Data Reactive Elasticsearch repositories in DEFAULT mode.
2026-08-10T10:21:39.020-06:00  INFO 21464 --- [search-service] [           main] .s.d.r.c.RepositoryConfigurationDelegate : Finished Spring Data repository scanning in 1 ms. Found 0 Reactive Elasticsearch repository interfaces.
2026-08-10T10:21:39.360-06:00  INFO 21464 --- [search-service] [           main] o.s.cloud.context.scope.GenericScope     : BeanFactory id=7a4213f0-25e9-3ea4-9924-0e8b7d087da8
2026-08-10T10:21:39.944-06:00  INFO 21464 --- [search-service] [           main] o.s.b.w.embedded.tomcat.TomcatWebServer  : Tomcat initialized with port 8084 (http)
2026-08-10T10:21:39.967-06:00  INFO 21464 --- [search-service] [           main] o.apache.catalina.core.StandardService   : Starting service [Tomcat]
2026-08-10T10:21:39.967-06:00  INFO 21464 --- [search-service] [           main] o.apache.catalina.core.StandardEngine    : Starting Servlet engine: [Apache Tomcat/10.1.34]
2026-08-10T10:21:40.032-06:00  INFO 21464 --- [search-service] [           main] o.a.c.c.C.[Tomcat].[localhost].[/]       : Initializing Spring embedded WebApplicationContext
2026-08-10T10:21:40.034-06:00  INFO 21464 --- [search-service] [           main] w.s.c.ServletWebServerApplicationContext : Root WebApplicationContext: initialization completed in 2895 ms
2026-08-10T10:21:42.462-06:00  INFO 21464 --- [search-service] [           main] DiscoveryClientOptionalArgsConfiguration : Eureka HTTP Client uses RestTemplate.
2026-08-10T10:21:42.525-06:00  WARN 21464 --- [search-service] [           main] iguration$LoadBalancerCaffeineWarnLogger : Spring Cloud LoadBalancer is currently working with the default cache. While this cache implementation is useful for development and tests, it's recommended to use Caffeine cache in production.You can switch to using Caffeine cache, by adding it and org.springframework.cache.caffeine.CaffeineCacheManager to the classpath.
2026-08-10T10:21:42.542-06:00  INFO 21464 --- [search-service] [           main] o.s.b.a.e.web.EndpointLinksResolver      : Exposing 3 endpoints beneath base path '/actuator'
2026-08-10T10:21:42.622-06:00  INFO 21464 --- [search-service] [           main] o.s.c.n.eureka.InstanceInfoFactory       : Setting initial instance status as: STARTING
2026-08-10T10:21:42.672-06:00  INFO 21464 --- [search-service] [           main] com.netflix.discovery.DiscoveryClient    : Initializing Eureka in region us-east-1
2026-08-10T10:21:42.680-06:00  INFO 21464 --- [search-service] [           main] c.n.d.s.r.aws.ConfigClusterResolver      : Resolving eureka endpoints via configuration
2026-08-10T10:21:42.691-06:00  INFO 21464 --- [search-service] [           main] com.netflix.discovery.DiscoveryClient    : Disable delta property : false
2026-08-10T10:21:42.692-06:00  INFO 21464 --- [search-service] [           main] com.netflix.discovery.DiscoveryClient    : Single vip registry refresh property : null
2026-08-10T10:21:42.692-06:00  INFO 21464 --- [search-service] [           main] com.netflix.discovery.DiscoveryClient    : Force full registry fetch : false
2026-08-10T10:21:42.692-06:00  INFO 21464 --- [search-service] [           main] com.netflix.discovery.DiscoveryClient    : Application is null : false
2026-08-10T10:21:42.692-06:00  INFO 21464 --- [search-service] [           main] com.netflix.discovery.DiscoveryClient    : Registered Applications size is zero : true
2026-08-10T10:21:42.692-06:00  INFO 21464 --- [search-service] [           main] com.netflix.discovery.DiscoveryClient    : Application version is -1: true
2026-08-10T10:21:42.692-06:00  INFO 21464 --- [search-service] [           main] com.netflix.discovery.DiscoveryClient    : Getting all instance registry info from the eureka server
2026-08-10T10:21:43.117-06:00  INFO 21464 --- [search-service] [           main] com.netflix.discovery.DiscoveryClient    : The response status is 200
2026-08-10T10:21:43.118-06:00  INFO 21464 --- [search-service] [           main] com.netflix.discovery.DiscoveryClient    : Starting heartbeat executor: renew interval is: 30
2026-08-10T10:21:43.120-06:00  INFO 21464 --- [search-service] [           main] c.n.discovery.InstanceInfoReplicator     : InstanceInfoReplicator onDemand update allowed rate per min is 4
2026-08-10T10:21:43.121-06:00  INFO 21464 --- [search-service] [           main] com.netflix.discovery.DiscoveryClient    : Discovery Client initialized at timestamp 1786378903121 with initial instances count: 2
2026-08-10T10:21:43.126-06:00  INFO 21464 --- [search-service] [           main] o.s.c.n.e.s.EurekaServiceRegistry        : Registering application SEARCH-SERVICE with eureka with status UP
2026-08-10T10:21:43.127-06:00  INFO 21464 --- [search-service] [           main] com.netflix.discovery.DiscoveryClient    : Saw local status change event StatusChangeEvent [timestamp=1786378903127, current=UP, previous=STARTING]
2026-08-10T10:21:43.128-06:00  INFO 21464 --- [search-service] [foReplicator-%d] com.netflix.discovery.DiscoveryClient    : DiscoveryClient_SEARCH-SERVICE/PC-Sergio.mshome.net:search-service:8084: registering service...
2026-08-10T10:21:43.131-06:00  INFO 21464 --- [search-service] [           main] o.s.c.n.e.s.EurekaServiceRegistry        : Unregistering application SEARCH-SERVICE with eureka with status DOWN
2026-08-10T10:21:43.131-06:00  INFO 21464 --- [search-service] [           main] com.netflix.discovery.DiscoveryClient    : Saw local status change event StatusChangeEvent [timestamp=1786378903131, current=DOWN, previous=UP]
2026-08-10T10:21:43.131-06:00  WARN 21464 --- [search-service] [           main] ConfigServletWebServerApplicationContext : Exception encountered during context initialization - cancelling refresh attempt: org.springframework.context.ApplicationContextException: Failed to start bean 'webServerStartStop'
2026-08-10T10:21:43.144-06:00  INFO 21464 --- [search-service] [           main] com.netflix.discovery.DiscoveryClient    : Shutting down DiscoveryClient ...
2026-08-10T10:21:43.180-06:00  INFO 21464 --- [search-service] [foReplicator-%d] com.netflix.discovery.DiscoveryClient    : DiscoveryClient_SEARCH-SERVICE/PC-Sergio.mshome.net:search-service:8084 - registration status: 204
2026-08-10T10:21:43.181-06:00  INFO 21464 --- [search-service] [foReplicator-%d] com.netflix.discovery.DiscoveryClient    : DiscoveryClient_SEARCH-SERVICE/PC-Sergio.mshome.net:search-service:8084: registering service...
2026-08-10T10:21:43.185-06:00  INFO 21464 --- [search-service] [foReplicator-%d] com.netflix.discovery.DiscoveryClient    : DiscoveryClient_SEARCH-SERVICE/PC-Sergio.mshome.net:search-service:8084 - registration status: 204
2026-08-10T10:21:43.185-06:00  INFO 21464 --- [search-service] [           main] com.netflix.discovery.DiscoveryClient    : Unregistering ...
2026-08-10T10:21:43.191-06:00  INFO 21464 --- [search-service] [           main] com.netflix.discovery.DiscoveryClient    : DiscoveryClient_SEARCH-SERVICE/PC-Sergio.mshome.net:search-service:8084 - deregister  status: 200
2026-08-10T10:21:43.191-06:00  INFO 21464 --- [search-service] [           main] com.netflix.discovery.DiscoveryClient    : Completed shut down of DiscoveryClient
2026-08-10T10:21:43.214-06:00  INFO 21464 --- [search-service] [           main] .s.b.a.l.ConditionEvaluationReportLogger : 

Error starting ApplicationContext. To display the condition evaluation report re-run your application with 'debug' enabled.
2026-08-10T10:21:43.231-06:00 ERROR 21464 --- [search-service] [           main] o.s.b.d.LoggingFailureAnalysisReporter   : 

***************************
APPLICATION FAILED TO START
***************************

Description:

Web server failed to start. Port 8084 was already in use.

Action:

Identify and stop the process that's listening on port 8084 or configure this application to listen on another port.

