
  .   ____          _            __ _ _
 /\\ / ___'_ __ _ _(_)_ __  __ _ \ \ \ \
( ( )\___ | '_ | '_| | '_ \/ _` | \ \ \ \
 \\/  ___)| |_)| | | | | || (_| |  ) ) ) )
  '  |____| .__|_| |_|_| |_\__, | / / / /
 =========|_|==============|___/=/_/_/_/

 :: Spring Boot ::                (v3.4.1)

2026-08-10T09:43:28.816-06:00  INFO 18804 --- [search-service] [           main] c.l.search.SearchServiceApplication      : Starting SearchServiceApplication v1.0.0-SNAPSHOT using Java 22.0.2 with PID 18804 (C:\DDI\luxray\backend\search-service\target\search-service-1.0.0-SNAPSHOT.jar started by sergi in C:\DDI\luxray)
2026-08-10T09:43:28.824-06:00  INFO 18804 --- [search-service] [           main] c.l.search.SearchServiceApplication      : No active profile set, falling back to 1 default profile: "default"
2026-08-10T09:43:30.800-06:00  INFO 18804 --- [search-service] [           main] .s.d.r.c.RepositoryConfigurationDelegate : Bootstrapping Spring Data Elasticsearch repositories in DEFAULT mode.
2026-08-10T09:43:30.982-06:00  INFO 18804 --- [search-service] [           main] .s.d.r.c.RepositoryConfigurationDelegate : Finished Spring Data repository scanning in 166 ms. Found 4 Elasticsearch repository interfaces.
2026-08-10T09:43:30.993-06:00  INFO 18804 --- [search-service] [           main] .s.d.r.c.RepositoryConfigurationDelegate : Bootstrapping Spring Data Reactive Elasticsearch repositories in DEFAULT mode.
2026-08-10T09:43:30.998-06:00  INFO 18804 --- [search-service] [           main] .s.d.r.c.RepositoryConfigurationDelegate : Finished Spring Data repository scanning in 1 ms. Found 0 Reactive Elasticsearch repository interfaces.
2026-08-10T09:43:31.341-06:00  INFO 18804 --- [search-service] [           main] o.s.cloud.context.scope.GenericScope     : BeanFactory id=7a4213f0-25e9-3ea4-9924-0e8b7d087da8
2026-08-10T09:43:32.297-06:00  INFO 18804 --- [search-service] [           main] o.s.b.w.embedded.tomcat.TomcatWebServer  : Tomcat initialized with port 8084 (http)
2026-08-10T09:43:32.337-06:00  INFO 18804 --- [search-service] [           main] o.apache.catalina.core.StandardService   : Starting service [Tomcat]
2026-08-10T09:43:32.339-06:00  INFO 18804 --- [search-service] [           main] o.apache.catalina.core.StandardEngine    : Starting Servlet engine: [Apache Tomcat/10.1.34]
2026-08-10T09:43:32.478-06:00  INFO 18804 --- [search-service] [           main] o.a.c.c.C.[Tomcat].[localhost].[/]       : Initializing Spring embedded WebApplicationContext
2026-08-10T09:43:32.482-06:00  INFO 18804 --- [search-service] [           main] w.s.c.ServletWebServerApplicationContext : Root WebApplicationContext: initialization completed in 3563 ms
2026-08-10T09:43:36.799-06:00  INFO 18804 --- [search-service] [           main] DiscoveryClientOptionalArgsConfiguration : Eureka HTTP Client uses RestTemplate.
2026-08-10T09:43:36.924-06:00  WARN 18804 --- [search-service] [           main] iguration$LoadBalancerCaffeineWarnLogger : Spring Cloud LoadBalancer is currently working with the default cache. While this cache implementation is useful for development and tests, it's recommended to use Caffeine cache in production.You can switch to using Caffeine cache, by adding it and org.springframework.cache.caffeine.CaffeineCacheManager to the classpath.
2026-08-10T09:43:36.949-06:00  INFO 18804 --- [search-service] [           main] o.s.b.a.e.web.EndpointLinksResolver      : Exposing 3 endpoints beneath base path '/actuator'
2026-08-10T09:43:37.095-06:00  INFO 18804 --- [search-service] [           main] o.s.c.n.eureka.InstanceInfoFactory       : Setting initial instance status as: STARTING
2026-08-10T09:43:37.179-06:00  INFO 18804 --- [search-service] [           main] com.netflix.discovery.DiscoveryClient    : Initializing Eureka in region us-east-1
2026-08-10T09:43:37.192-06:00  INFO 18804 --- [search-service] [           main] c.n.d.s.r.aws.ConfigClusterResolver      : Resolving eureka endpoints via configuration
2026-08-10T09:43:37.212-06:00  INFO 18804 --- [search-service] [           main] com.netflix.discovery.DiscoveryClient    : Disable delta property : false
2026-08-10T09:43:37.214-06:00  INFO 18804 --- [search-service] [           main] com.netflix.discovery.DiscoveryClient    : Single vip registry refresh property : null
2026-08-10T09:43:37.214-06:00  INFO 18804 --- [search-service] [           main] com.netflix.discovery.DiscoveryClient    : Force full registry fetch : false
2026-08-10T09:43:37.215-06:00  INFO 18804 --- [search-service] [           main] com.netflix.discovery.DiscoveryClient    : Application is null : false
2026-08-10T09:43:37.215-06:00  INFO 18804 --- [search-service] [           main] com.netflix.discovery.DiscoveryClient    : Registered Applications size is zero : true
2026-08-10T09:43:37.216-06:00  INFO 18804 --- [search-service] [           main] com.netflix.discovery.DiscoveryClient    : Application version is -1: true
2026-08-10T09:43:37.216-06:00  INFO 18804 --- [search-service] [           main] com.netflix.discovery.DiscoveryClient    : Getting all instance registry info from the eureka server
2026-08-10T09:43:38.018-06:00  INFO 18804 --- [search-service] [           main] com.netflix.discovery.DiscoveryClient    : The response status is 200
2026-08-10T09:43:38.028-06:00  INFO 18804 --- [search-service] [           main] com.netflix.discovery.DiscoveryClient    : Starting heartbeat executor: renew interval is: 30
2026-08-10T09:43:38.033-06:00  INFO 18804 --- [search-service] [           main] c.n.discovery.InstanceInfoReplicator     : InstanceInfoReplicator onDemand update allowed rate per min is 4
2026-08-10T09:43:38.036-06:00  INFO 18804 --- [search-service] [           main] com.netflix.discovery.DiscoveryClient    : Discovery Client initialized at timestamp 1786376618035 with initial instances count: 1
2026-08-10T09:43:38.047-06:00  INFO 18804 --- [search-service] [           main] o.s.c.n.e.s.EurekaServiceRegistry        : Registering application SEARCH-SERVICE with eureka with status UP
2026-08-10T09:43:38.049-06:00  INFO 18804 --- [search-service] [           main] com.netflix.discovery.DiscoveryClient    : Saw local status change event StatusChangeEvent [timestamp=1786376618049, current=UP, previous=STARTING]
2026-08-10T09:43:38.053-06:00  INFO 18804 --- [search-service] [foReplicator-%d] com.netflix.discovery.DiscoveryClient    : DiscoveryClient_SEARCH-SERVICE/PC-Sergio.mshome.net:search-service:8084: registering service...
2026-08-10T09:43:38.063-06:00  INFO 18804 --- [search-service] [           main] o.s.c.n.e.s.EurekaServiceRegistry        : Unregistering application SEARCH-SERVICE with eureka with status DOWN
2026-08-10T09:43:38.064-06:00  INFO 18804 --- [search-service] [           main] com.netflix.discovery.DiscoveryClient    : Saw local status change event StatusChangeEvent [timestamp=1786376618064, current=DOWN, previous=UP]
2026-08-10T09:43:38.065-06:00  WARN 18804 --- [search-service] [           main] ConfigServletWebServerApplicationContext : Exception encountered during context initialization - cancelling refresh attempt: org.springframework.context.ApplicationContextException: Failed to start bean 'webServerStartStop'
2026-08-10T09:43:38.083-06:00  INFO 18804 --- [search-service] [           main] com.netflix.discovery.DiscoveryClient    : Shutting down DiscoveryClient ...
2026-08-10T09:43:38.162-06:00  INFO 18804 --- [search-service] [foReplicator-%d] com.netflix.discovery.DiscoveryClient    : DiscoveryClient_SEARCH-SERVICE/PC-Sergio.mshome.net:search-service:8084 - registration status: 204
2026-08-10T09:43:38.163-06:00  INFO 18804 --- [search-service] [foReplicator-%d] com.netflix.discovery.DiscoveryClient    : DiscoveryClient_SEARCH-SERVICE/PC-Sergio.mshome.net:search-service:8084: registering service...
2026-08-10T09:43:38.171-06:00  INFO 18804 --- [search-service] [foReplicator-%d] com.netflix.discovery.DiscoveryClient    : DiscoveryClient_SEARCH-SERVICE/PC-Sergio.mshome.net:search-service:8084 - registration status: 204
2026-08-10T09:43:38.174-06:00  INFO 18804 --- [search-service] [           main] com.netflix.discovery.DiscoveryClient    : Unregistering ...
2026-08-10T09:43:38.185-06:00  INFO 18804 --- [search-service] [           main] com.netflix.discovery.DiscoveryClient    : DiscoveryClient_SEARCH-SERVICE/PC-Sergio.mshome.net:search-service:8084 - deregi2026-08-10T09:44:01.160-06:00  INFO 4692 --- [search-service] [beatExecutor-%d] com.netflix.discovery.DiscoveryClient    : DiscoveryClient_SEARCH-SERVICE/PC-Sergio.mshome.net:search-service:8084 - Re-registering apps/SEARCH-SERVICE
2026-08-10T09:44:01.160-06:00  INFO 4692 --- [search-service] [beatExecutor-%d] com.netflix.discovery.DiscoveryClient    : DiscoveryClient_SEARCH-SERVICE/PC-Sergio.mshome.net:search-service:8084: registering service...
2026-08-10T09:44:01.167-06:00  INFO 4692 --- [search-service] [beatExecutor-%d] com.netflix.discovery.DiscoveryClient    : DiscoveryClient_SEARCH-SERVICE/PC-Sergio.mshome.net:search-service:8084 - registration status: 204
2026-08-10T09:44:08.831-06:00  INFO 4692 --- [search-service] [0.0-8084-exec-3] o.a.c.c.C.[Tomcat].[localhost].[/]       : Initializing Spring DispatcherServlet 'dispatcherServlet'
2026-08-10T09:44:08.831-06:00  INFO 4692 --- [search-service] [0.0-8084-exec-3] o.s.web.servlet.DispatcherServlet        : Initializing Servlet 'dispatcherServlet'
2026-08-10T09:44:08.832-06:00  INFO 4692 --- [search-service] [0.0-8084-exec-3] o.s.web.servlet.DispatcherServlet        : Completed initialization in 1 ms
2026-08-10T09:44:31.159-06:00  INFO 4692 --- [search-service] [reshExecutor-%d] com.netflix.discovery.DiscoveryClient    : Disable delta property : false
2026-08-10T09:44:31.163-06:00  INFO 4692 --- [search-service] [reshExecutor-%d] com.netflix.discovery.DiscoveryClient    : Single vip registry refresh property : null
2026-08-10T09:44:31.163-06:00  INFO 4692 --- [search-service] [reshExecutor-%d] com.netflix.discovery.DiscoveryClient    : Force full registry fetch : false
2026-08-10T09:44:31.163-06:00  INFO 4692 --- [search-service] [reshExecutor-%d] com.netflix.discovery.DiscoveryClient    : Application is null : false
2026-08-10T09:44:31.164-06:00  INFO 4692 --- [search-service] [reshExecutor-%d] com.netflix.discovery.DiscoveryClient    : Registered Applications size is zero : true
2026-08-10T09:44:31.164-06:00  INFO 4692 --- [search-service] [reshExecutor-%d] com.netflix.discovery.DiscoveryClient    : Application version is -1: false
2026-08-10T09:44:31.164-06:00  INFO 4692 --- [search-service] [reshExecutor-%d] com.netflix.discovery.DiscoveryClient    : Getting all instance registry info from the eureka server
2026-08-10T09:44:31.178-06:00  INFO 4692 --- [search-service] [reshExecutor-%d] com.netflix.discovery.DiscoveryClient    : The response status is 200
2026-08-10T09:46:58.573-06:00  INFO 4692 --- [search-service] [rap-executor-%d] c.n.d.s.r.aws.ConfigClusterResolver      : Resolving eureka endpoints via configuration
2026-08-10T09:51:58.577-06:00  INFO 4692 --- [search-service] [rap-executor-%d] c.n.d.s.r.aws.ConfigClusterResolver      : Resolving eureka endpoints via configuration
2026-08-10T09:56:58.583-06:00  INFO 4692 --- [search-service] [rap-executor-%d] c.n.d.s.r.aws.ConfigClusterResolver      : Resolving eureka endpoints via configuration
2026-08-10T10:01:58.598-06:00  INFO 4692 --- [search-service] [rap-executor-%d] c.n.d.s.r.aws.ConfigClusterResolver      : Resolving eureka endpoints via configuration
2026-08-10T10:06:58.615-06:00  INFO 4692 --- [search-service] [rap-executor-%d] c.n.d.s.r.aws.ConfigClusterResolver      : Resolving eureka endpoints via configuration
2026-08-10T10:11:58.634-06:00  INFO 4692 --- [search-service] [rap-executor-%d] c.n.d.s.r.aws.ConfigClusterResolver      : Resolving eureka endpoints via configuration
2026-08-10T10:16:58.651-06:00  INFO 4692 --- [search-service] [rap-executor-%d] c.n.d.s.r.aws.ConfigClusterResolver      : Resolving eureka endpoints via configuration
